<?xml version="1.0" encoding="UTF-8"?>
<TestRun id="b04ef561-017a-409d-8f97-5c16bcc055a4" name="Jhonny@JHONNY-PC 2012-11-03 21:14:07" runUser="Jhonny-PC\Jhonny" xmlns="http://microsoft.com/schemas/VisualStudio/TeamTest/2010">
  <TestSettings name="Default Test Settings" id="6b03dcf6-c804-499a-9299-4d78559a523b">
    <Deployment userDeploymentRoot="C:\Users\Jhonny\Documents\GitHub\pubnub-api\silverlight-part\TestResults" useDefaultDeploymentRoot="false" runDeploymentRoot="Jhonny_JHONNY-PC 2012-11-03 21_14_07">
      <DeploymentItem filename="C:\Users\Jhonny\Documents\GitHub\pubnub-api\silverlight-part\PubNub-Messaging\bin\Debug\PubNub-Messaging.exe" />
    </Deployment>
    <Execution>
      <TestTypeSpecific />
      <AgentRule name="Execution Agents">
      </AgentRule>
    </Execution>
  </TestSettings>
  <Times creation="2012-11-03T21:14:07.8573830+02:00" queuing="2012-11-03T21:14:07.9843903+02:00" start="2012-11-03T21:14:07.9963909+02:00" finish="2012-11-03T21:14:32.7661869+02:00" />
  <ResultSummary outcome="Failed">
    <Counters total="12" executed="12" passed="6" error="0" failed="6" timeout="0" aborted="0" inconclusive="0" passedButRunAborted="0" notRunnable="0" notExecuted="0" disconnected="0" warning="0" completed="0" inProgress="0" pending="0" />
  </ResultSummary>
  <TestDefinitions>
    <UnitTest name="ThenItShouldReturnTimeStamp" storage="c:\users\jhonny\documents\github\pubnub-api\silverlight-part\pubnub-messaging.tests\bin\debug\pubnub-messaging.tests.dll" id="5a785fb0-6dd1-f697-4e8b-79b61e0b2e7a">
      <Execution id="8c6fa942-3b7c-4781-913b-8eb1aef808d4" />
      <TestMethod codeBase="C:/Users/Jhonny/Documents/GitHub/pubnub-api/silverlight-part/PubNub-Messaging.Tests/bin/Debug/PubNub-Messaging.Tests.DLL" adapterTypeName="Microsoft.VisualStudio.TestTools.TestTypes.Unit.UnitTestAdapter, Microsoft.VisualStudio.QualityTools.Tips.UnitTest.Adapter, Version=10.0.0.0, Culture=neutral, PublicKeyToken=b03f5f7f11d50a3a" className="PubNub_Messaging.Tests.WhenGetRequestServerTime, PubNub-Messaging.Tests, Version=1.0.0.0, Culture=neutral, PublicKeyToken=null" name="ThenItShouldReturnTimeStamp" />
    </UnitTest>
    <UnitTest name="ThenItShouldReturnReceivedMessage" storage="c:\users\jhonny\documents\github\pubnub-api\silverlight-part\pubnub-messaging.tests\bin\debug\pubnub-messaging.tests.dll" id="aa5ae936-4b91-7628-df52-dad043c5d2d0">
      <Execution id="179ad555-c1c0-46ab-9b7d-d4abaf15a7c6" />
      <TestMethod codeBase="C:/Users/Jhonny/Documents/GitHub/pubnub-api/silverlight-part/PubNub-Messaging.Tests/bin/Debug/PubNub-Messaging.Tests.DLL" adapterTypeName="Microsoft.VisualStudio.TestTools.TestTypes.Unit.UnitTestAdapter, Microsoft.VisualStudio.QualityTools.Tips.UnitTest.Adapter, Version=10.0.0.0, Culture=neutral, PublicKeyToken=b03f5f7f11d50a3a" className="PubNub_Messaging.Tests.WhenSubscribedToAChannel, PubNub-Messaging.Tests, Version=1.0.0.0, Culture=neutral, PublicKeyToken=null" name="ThenItShouldReturnReceivedMessage" />
    </UnitTest>
    <UnitTest name="ThenItShouldGenerateUniqueIdentifier" storage="c:\users\jhonny\documents\github\pubnub-api\silverlight-part\pubnub-messaging.tests\bin\debug\pubnub-messaging.tests.dll" id="e4e4f833-f4c3-6397-cbd3-ac945ae9faf5">
      <Execution id="a2de97a1-feee-4581-9101-6c257e35ab88" />
      <TestMethod codeBase="C:/Users/Jhonny/Documents/GitHub/pubnub-api/silverlight-part/PubNub-Messaging.Tests/bin/Debug/PubNub-Messaging.Tests.DLL" adapterTypeName="Microsoft.VisualStudio.TestTools.TestTypes.Unit.UnitTestAdapter, Microsoft.VisualStudio.QualityTools.Tips.UnitTest.Adapter, Version=10.0.0.0, Culture=neutral, PublicKeyToken=b03f5f7f11d50a3a" className="PubNub_Messaging.Tests.WhenAMessageIsPublished, PubNub-Messaging.Tests, Version=1.0.0.0, Culture=neutral, PublicKeyToken=null" name="ThenItShouldGenerateUniqueIdentifier" />
    </UnitTest>
    <UnitTest name="IfHereNowIsCalledThenItShouldReturnInfo" storage="c:\users\jhonny\documents\github\pubnub-api\silverlight-part\pubnub-messaging.tests\bin\debug\pubnub-messaging.tests.dll" id="0df82419-b215-0bb5-2789-e45794860234">
      <Execution id="f51ba54c-3583-402b-95d0-3ca292d6d535" />
      <TestMethod codeBase="C:/Users/Jhonny/Documents/GitHub/pubnub-api/silverlight-part/PubNub-Messaging.Tests/bin/Debug/PubNub-Messaging.Tests.DLL" adapterTypeName="Microsoft.VisualStudio.TestTools.TestTypes.Unit.UnitTestAdapter, Microsoft.VisualStudio.QualityTools.Tips.UnitTest.Adapter, Version=10.0.0.0, Culture=neutral, PublicKeyToken=b03f5f7f11d50a3a" className="PubNub_Messaging.Tests.WhenAClientIsPresented, PubNub-Messaging.Tests, Version=1.0.0.0, Culture=neutral, PublicKeyToken=null" name="IfHereNowIsCalledThenItShouldReturnInfo" />
    </UnitTest>
    <UnitTest name="ThenItShouldReturnHistoryMessages" storage="c:\users\jhonny\documents\github\pubnub-api\silverlight-part\pubnub-messaging.tests\bin\debug\pubnub-messaging.tests.dll" id="712cf751-9030-e58c-1aca-273874422d6b">
      <Execution id="4fb6809c-178f-46d0-a314-8b6f5616d414" />
      <TestMethod codeBase="C:/Users/Jhonny/Documents/GitHub/pubnub-api/silverlight-part/PubNub-Messaging.Tests/bin/Debug/PubNub-Messaging.Tests.DLL" adapterTypeName="Microsoft.VisualStudio.TestTools.TestTypes.Unit.UnitTestAdapter, Microsoft.VisualStudio.QualityTools.Tips.UnitTest.Adapter, Version=10.0.0.0, Culture=neutral, PublicKeyToken=b03f5f7f11d50a3a" className="PubNub_Messaging.Tests.WhenGetRequestHistoryMessages, PubNub-Messaging.Tests, Version=1.0.0.0, Culture=neutral, PublicKeyToken=null" name="ThenItShouldReturnHistoryMessages" />
    </UnitTest>
    <UnitTest name="ThenSecretKeyShouldBeProvidedOptionally" storage="c:\users\jhonny\documents\github\pubnub-api\silverlight-part\pubnub-messaging.tests\bin\debug\pubnub-messaging.tests.dll" id="f5c7c269-651b-f04d-a925-f9349b8cba4e">
      <Execution id="f4850740-dc5b-4e04-90c9-148571afc0fe" />
      <TestMethod codeBase="C:/Users/Jhonny/Documents/GitHub/pubnub-api/silverlight-part/PubNub-Messaging.Tests/bin/Debug/PubNub-Messaging.Tests.DLL" adapterTypeName="Microsoft.VisualStudio.TestTools.TestTypes.Unit.UnitTestAdapter, Microsoft.VisualStudio.QualityTools.Tips.UnitTest.Adapter, Version=10.0.0.0, Culture=neutral, PublicKeyToken=b03f5f7f11d50a3a" className="PubNub_Messaging.Tests.WhenAMessageIsPublished, PubNub-Messaging.Tests, Version=1.0.0.0, Culture=neutral, PublicKeyToken=null" name="ThenSecretKeyShouldBeProvidedOptionally" />
    </UnitTest>
    <UnitTest name="ThenPublishKeyShouldNotBeEmptyAfterOverriden" storage="c:\users\jhonny\documents\github\pubnub-api\silverlight-part\pubnub-messaging.tests\bin\debug\pubnub-messaging.tests.dll" id="7fa098a0-febe-975a-9bfc-4927161355d1">
      <Execution id="f9be3e02-3273-4275-b375-4eed3dd6ca1d" />
      <TestMethod codeBase="C:/Users/Jhonny/Documents/GitHub/pubnub-api/silverlight-part/PubNub-Messaging.Tests/bin/Debug/PubNub-Messaging.Tests.DLL" adapterTypeName="Microsoft.VisualStudio.TestTools.TestTypes.Unit.UnitTestAdapter, Microsoft.VisualStudio.QualityTools.Tips.UnitTest.Adapter, Version=10.0.0.0, Culture=neutral, PublicKeyToken=b03f5f7f11d50a3a" className="PubNub_Messaging.Tests.WhenAMessageIsPublished, PubNub-Messaging.Tests, Version=1.0.0.0, Culture=neutral, PublicKeyToken=null" name="ThenPublishKeyShouldNotBeEmptyAfterOverriden" />
    </UnitTest>
    <UnitTest name="ItShouldReturnDetailedHistory" storage="c:\users\jhonny\documents\github\pubnub-api\silverlight-part\pubnub-messaging.tests\bin\debug\pubnub-messaging.tests.dll" id="b66377bc-5933-58f6-5165-6957609092f9">
      <Execution id="1e6f3902-637f-4570-b2e5-651fbf643237" />
      <TestMethod codeBase="C:/Users/Jhonny/Documents/GitHub/pubnub-api/silverlight-part/PubNub-Messaging.Tests/bin/Debug/PubNub-Messaging.Tests.DLL" adapterTypeName="Microsoft.VisualStudio.TestTools.TestTypes.Unit.UnitTestAdapter, Microsoft.VisualStudio.QualityTools.Tips.UnitTest.Adapter, Version=10.0.0.0, Culture=neutral, PublicKeyToken=b03f5f7f11d50a3a" className="PubNub_Messaging.Tests.WhenDetailedHistoryIsRequested, PubNub-Messaging.Tests, Version=1.0.0.0, Culture=neutral, PublicKeyToken=null" name="ItShouldReturnDetailedHistory" />
    </UnitTest>
    <UnitTest name="ThenItShouldReturnSuccessCodeAndInfo" storage="c:\users\jhonny\documents\github\pubnub-api\silverlight-part\pubnub-messaging.tests\bin\debug\pubnub-messaging.tests.dll" id="c8d24aa2-b361-8cda-b55b-ec04dbcd06b0">
      <Execution id="5bdf4b31-2eb6-4ab7-b19f-a87dd4e50ff4" />
      <TestMethod codeBase="C:/Users/Jhonny/Documents/GitHub/pubnub-api/silverlight-part/PubNub-Messaging.Tests/bin/Debug/PubNub-Messaging.Tests.DLL" adapterTypeName="Microsoft.VisualStudio.TestTools.TestTypes.Unit.UnitTestAdapter, Microsoft.VisualStudio.QualityTools.Tips.UnitTest.Adapter, Version=10.0.0.0, Culture=neutral, PublicKeyToken=b03f5f7f11d50a3a" className="PubNub_Messaging.Tests.WhenAMessageIsPublished, PubNub-Messaging.Tests, Version=1.0.0.0, Culture=neutral, PublicKeyToken=null" name="ThenItShouldReturnSuccessCodeAndInfo" />
    </UnitTest>
    <UnitTest name="ThenItShouldReturnReceivedMessage" storage="c:\users\jhonny\documents\github\pubnub-api\silverlight-part\pubnub-messaging.tests\bin\debug\pubnub-messaging.tests.dll" id="ac38acda-fdcc-f388-700c-e33101194c29">
      <Execution id="c57412ed-8586-4461-91f5-c439cc965319" />
      <TestMethod codeBase="C:/Users/Jhonny/Documents/GitHub/pubnub-api/silverlight-part/PubNub-Messaging.Tests/bin/Debug/PubNub-Messaging.Tests.DLL" adapterTypeName="Microsoft.VisualStudio.TestTools.TestTypes.Unit.UnitTestAdapter, Microsoft.VisualStudio.QualityTools.Tips.UnitTest.Adapter, Version=10.0.0.0, Culture=neutral, PublicKeyToken=b03f5f7f11d50a3a" className="PubNub_Messaging.Tests.WhenAClientIsPresented, PubNub-Messaging.Tests, Version=1.0.0.0, Culture=neutral, PublicKeyToken=null" name="ThenItShouldReturnReceivedMessage" />
    </UnitTest>
    <UnitTest name="IfSSLNotProvidedThenDefaultShouldBeFalse" storage="c:\users\jhonny\documents\github\pubnub-api\silverlight-part\pubnub-messaging.tests\bin\debug\pubnub-messaging.tests.dll" id="a44284f2-17ef-78bd-fdc6-88e675b08b01">
      <Execution id="663787c3-26aa-4888-ac8e-f61cd5da5e41" />
      <TestMethod codeBase="C:/Users/Jhonny/Documents/GitHub/pubnub-api/silverlight-part/PubNub-Messaging.Tests/bin/Debug/PubNub-Messaging.Tests.DLL" adapterTypeName="Microsoft.VisualStudio.TestTools.TestTypes.Unit.UnitTestAdapter, Microsoft.VisualStudio.QualityTools.Tips.UnitTest.Adapter, Version=10.0.0.0, Culture=neutral, PublicKeyToken=b03f5f7f11d50a3a" className="PubNub_Messaging.Tests.WhenAMessageIsPublished, PubNub-Messaging.Tests, Version=1.0.0.0, Culture=neutral, PublicKeyToken=null" name="IfSSLNotProvidedThenDefaultShouldBeFalse" />
    </UnitTest>
    <UnitTest name="ThenPublishKeyShouldBeOverriden" storage="c:\users\jhonny\documents\github\pubnub-api\silverlight-part\pubnub-messaging.tests\bin\debug\pubnub-messaging.tests.dll" id="9b37bd21-6d08-f4c1-82ba-70abc43d2f80">
      <Execution id="e742bfbc-f15e-40dc-be51-35a226b9a864" />
      <TestMethod codeBase="C:/Users/Jhonny/Documents/GitHub/pubnub-api/silverlight-part/PubNub-Messaging.Tests/bin/Debug/PubNub-Messaging.Tests.DLL" adapterTypeName="Microsoft.VisualStudio.TestTools.TestTypes.Unit.UnitTestAdapter, Microsoft.VisualStudio.QualityTools.Tips.UnitTest.Adapter, Version=10.0.0.0, Culture=neutral, PublicKeyToken=b03f5f7f11d50a3a" className="PubNub_Messaging.Tests.WhenAMessageIsPublished, PubNub-Messaging.Tests, Version=1.0.0.0, Culture=neutral, PublicKeyToken=null" name="ThenPublishKeyShouldBeOverriden" />
    </UnitTest>
  </TestDefinitions>
  <TestLists>
    <TestList name="Results Not in a List" id="8c84fa94-04c1-424b-9868-57a2d4851a1d" />
    <TestList name="All Loaded Results" id="19431567-8539-422a-85d7-44ee4e166bda" />
  </TestLists>
  <TestEntries>
    <TestEntry testId="b66377bc-5933-58f6-5165-6957609092f9" executionId="1e6f3902-637f-4570-b2e5-651fbf643237" testListId="8c84fa94-04c1-424b-9868-57a2d4851a1d" />
    <TestEntry testId="c8d24aa2-b361-8cda-b55b-ec04dbcd06b0" executionId="5bdf4b31-2eb6-4ab7-b19f-a87dd4e50ff4" testListId="8c84fa94-04c1-424b-9868-57a2d4851a1d" />
    <TestEntry testId="e4e4f833-f4c3-6397-cbd3-ac945ae9faf5" executionId="a2de97a1-feee-4581-9101-6c257e35ab88" testListId="8c84fa94-04c1-424b-9868-57a2d4851a1d" />
    <TestEntry testId="9b37bd21-6d08-f4c1-82ba-70abc43d2f80" executionId="e742bfbc-f15e-40dc-be51-35a226b9a864" testListId="8c84fa94-04c1-424b-9868-57a2d4851a1d" />
    <TestEntry testId="7fa098a0-febe-975a-9bfc-4927161355d1" executionId="f9be3e02-3273-4275-b375-4eed3dd6ca1d" testListId="8c84fa94-04c1-424b-9868-57a2d4851a1d" />
    <TestEntry testId="f5c7c269-651b-f04d-a925-f9349b8cba4e" executionId="f4850740-dc5b-4e04-90c9-148571afc0fe" testListId="8c84fa94-04c1-424b-9868-57a2d4851a1d" />
    <TestEntry testId="a44284f2-17ef-78bd-fdc6-88e675b08b01" executionId="663787c3-26aa-4888-ac8e-f61cd5da5e41" testListId="8c84fa94-04c1-424b-9868-57a2d4851a1d" />
    <TestEntry testId="aa5ae936-4b91-7628-df52-dad043c5d2d0" executionId="179ad555-c1c0-46ab-9b7d-d4abaf15a7c6" testListId="8c84fa94-04c1-424b-9868-57a2d4851a1d" />
    <TestEntry testId="712cf751-9030-e58c-1aca-273874422d6b" executionId="4fb6809c-178f-46d0-a314-8b6f5616d414" testListId="8c84fa94-04c1-424b-9868-57a2d4851a1d" />
    <TestEntry testId="ac38acda-fdcc-f388-700c-e33101194c29" executionId="c57412ed-8586-4461-91f5-c439cc965319" testListId="8c84fa94-04c1-424b-9868-57a2d4851a1d" />
    <TestEntry testId="0df82419-b215-0bb5-2789-e45794860234" executionId="f51ba54c-3583-402b-95d0-3ca292d6d535" testListId="8c84fa94-04c1-424b-9868-57a2d4851a1d" />
    <TestEntry testId="5a785fb0-6dd1-f697-4e8b-79b61e0b2e7a" executionId="8c6fa942-3b7c-4781-913b-8eb1aef808d4" testListId="8c84fa94-04c1-424b-9868-57a2d4851a1d" />
  </TestEntries>
  <Results>
    <UnitTestResult executionId="1e6f3902-637f-4570-b2e5-651fbf643237" testId="b66377bc-5933-58f6-5165-6957609092f9" testName="ItShouldReturnDetailedHistory" computerName="JHONNY-PC" duration="00:00:02.3425802" startTime="2012-11-03T21:14:07.9993911+02:00" endTime="2012-11-03T21:14:10.5625377+02:00" testType="13cdc9d9-ddb5-4fa4-a97d-d965ccfc6d4b" outcome="Passed" testListId="8c84fa94-04c1-424b-9868-57a2d4851a1d" relativeResultsDirectory="1e6f3902-637f-4570-b2e5-651fbf643237">
    </UnitTestResult>
    <UnitTestResult executionId="5bdf4b31-2eb6-4ab7-b19f-a87dd4e50ff4" testId="c8d24aa2-b361-8cda-b55b-ec04dbcd06b0" testName="ThenItShouldReturnSuccessCodeAndInfo" computerName="JHONNY-PC" duration="00:00:02.4091158" startTime="2012-11-03T21:14:10.5655379+02:00" endTime="2012-11-03T21:14:12.9798743+02:00" testType="13cdc9d9-ddb5-4fa4-a97d-d965ccfc6d4b" outcome="Failed" testListId="8c84fa94-04c1-424b-9868-57a2d4851a1d" relativeResultsDirectory="5bdf4b31-2eb6-4ab7-b19f-a87dd4e50ff4">
      <Output>
        <ErrorInfo>
          <Message>Assert.IsTrue failed. </Message>
          <StackTrace>   at PubNub_Messaging.Tests.WhenAMessageIsPublished.ThenItShouldReturnSuccessCodeAndInfo() in C:\Users\Jhonny\Documents\GitHub\pubnub-api\silverlight-part\PubNub-Messaging.Tests\WhenAMessageIsPublished.cs:line 34
</StackTrace>
        </ErrorInfo>
      </Output>
    </UnitTestResult>
    <UnitTestResult executionId="a2de97a1-feee-4581-9101-6c257e35ab88" testId="e4e4f833-f4c3-6397-cbd3-ac945ae9faf5" testName="ThenItShouldGenerateUniqueIdentifier" computerName="JHONNY-PC" duration="00:00:00.0005080" startTime="2012-11-03T21:14:12.9918749+02:00" endTime="2012-11-03T21:14:12.9968752+02:00" testType="13cdc9d9-ddb5-4fa4-a97d-d965ccfc6d4b" outcome="Passed" testListId="8c84fa94-04c1-424b-9868-57a2d4851a1d" relativeResultsDirectory="a2de97a1-feee-4581-9101-6c257e35ab88">
    </UnitTestResult>
    <UnitTestResult executionId="e742bfbc-f15e-40dc-be51-35a226b9a864" testId="9b37bd21-6d08-f4c1-82ba-70abc43d2f80" testName="ThenPublishKeyShouldBeOverriden" computerName="JHONNY-PC" duration="00:00:00.0095544" startTime="2012-11-03T21:14:13.0018755+02:00" endTime="2012-11-03T21:14:13.0148763+02:00" testType="13cdc9d9-ddb5-4fa4-a97d-d965ccfc6d4b" outcome="Failed" testListId="8c84fa94-04c1-424b-9868-57a2d4851a1d" relativeResultsDirectory="e742bfbc-f15e-40dc-be51-35a226b9a864">
      <Output>
        <ErrorInfo>
          <Message>Test method PubNub_Messaging.Tests.WhenAMessageIsPublished.ThenPublishKeyShouldBeOverriden threw exception: 
System.MissingFieldException: PUBLISH_KEY cannot be empty for publish</Message>
          <StackTrace>    at PubNub_Messaging.Pubnub.publish(String channel, Object message, Action`1 usercallback) in C:\Users\Jhonny\Documents\GitHub\pubnub-api\silverlight-part\PubNub-Messaging\Pubnub.cs:line 417
   at PubNub_Messaging.Tests.WhenAMessageIsPublished.ThenPublishKeyShouldBeOverriden() in C:\Users\Jhonny\Documents\GitHub\pubnub-api\silverlight-part\PubNub-Messaging.Tests\WhenAMessageIsPublished.cs:line 82
</StackTrace>
        </ErrorInfo>
      </Output>
    </UnitTestResult>
    <UnitTestResult executionId="f9be3e02-3273-4275-b375-4eed3dd6ca1d" testId="7fa098a0-febe-975a-9bfc-4927161355d1" testName="ThenPublishKeyShouldNotBeEmptyAfterOverriden" computerName="JHONNY-PC" duration="00:00:00.0027962" startTime="2012-11-03T21:14:13.0228767+02:00" endTime="2012-11-03T21:14:13.0308772+02:00" testType="13cdc9d9-ddb5-4fa4-a97d-d965ccfc6d4b" outcome="Failed" testListId="8c84fa94-04c1-424b-9868-57a2d4851a1d" relativeResultsDirectory="f9be3e02-3273-4275-b375-4eed3dd6ca1d">
      <Output>
        <ErrorInfo>
          <Message>Test method PubNub_Messaging.Tests.WhenAMessageIsPublished.ThenPublishKeyShouldNotBeEmptyAfterOverriden threw exception: 
System.MissingFieldException: PUBLISH_KEY cannot be empty for publish</Message>
          <StackTrace>    at PubNub_Messaging.Pubnub.publish(String channel, Object message, Action`1 usercallback) in C:\Users\Jhonny\Documents\GitHub\pubnub-api\silverlight-part\PubNub-Messaging\Pubnub.cs:line 417
   at PubNub_Messaging.Tests.WhenAMessageIsPublished.ThenPublishKeyShouldNotBeEmptyAfterOverriden() in C:\Users\Jhonny\Documents\GitHub\pubnub-api\silverlight-part\PubNub-Messaging.Tests\WhenAMessageIsPublished.cs:line 102
</StackTrace>
        </ErrorInfo>
      </Output>
    </UnitTestResult>
    <UnitTestResult executionId="f4850740-dc5b-4e04-90c9-148571afc0fe" testId="f5c7c269-651b-f04d-a925-f9349b8cba4e" testName="ThenSecretKeyShouldBeProvidedOptionally" computerName="JHONNY-PC" duration="00:00:05.8777385" startTime="2012-11-03T21:14:13.0318772+02:00" endTime="2012-11-03T21:14:18.9128084+02:00" testType="13cdc9d9-ddb5-4fa4-a97d-d965ccfc6d4b" outcome="Failed" testListId="8c84fa94-04c1-424b-9868-57a2d4851a1d" relativeResultsDirectory="f4850740-dc5b-4e04-90c9-148571afc0fe">
      <Output>
        <ErrorInfo>
          <Message>Assert.IsTrue failed. </Message>
          <StackTrace>   at PubNub_Messaging.Tests.WhenAMessageIsPublished.ThenSecretKeyShouldBeProvidedOptionally() in C:\Users\Jhonny\Documents\GitHub\pubnub-api\silverlight-part\PubNub-Messaging.Tests\WhenAMessageIsPublished.cs:line 127
</StackTrace>
        </ErrorInfo>
      </Output>
    </UnitTestResult>
    <UnitTestResult executionId="663787c3-26aa-4888-ac8e-f61cd5da5e41" testId="a44284f2-17ef-78bd-fdc6-88e675b08b01" testName="IfSSLNotProvidedThenDefaultShouldBeFalse" computerName="JHONNY-PC" duration="00:00:02.3823450" startTime="2012-11-03T21:14:18.9278093+02:00" endTime="2012-11-03T21:14:21.3143423+02:00" testType="13cdc9d9-ddb5-4fa4-a97d-d965ccfc6d4b" outcome="Failed" testListId="8c84fa94-04c1-424b-9868-57a2d4851a1d" relativeResultsDirectory="663787c3-26aa-4888-ac8e-f61cd5da5e41">
      <Output>
        <ErrorInfo>
          <Message>Assert.IsTrue failed. </Message>
          <StackTrace>   at PubNub_Messaging.Tests.WhenAMessageIsPublished.IfSSLNotProvidedThenDefaultShouldBeFalse() in C:\Users\Jhonny\Documents\GitHub\pubnub-api\silverlight-part\PubNub-Messaging.Tests\WhenAMessageIsPublished.cs:line 144
</StackTrace>
        </ErrorInfo>
      </Output>
    </UnitTestResult>
    <UnitTestResult executionId="179ad555-c1c0-46ab-9b7d-d4abaf15a7c6" testId="aa5ae936-4b91-7628-df52-dad043c5d2d0" testName="ThenItShouldReturnReceivedMessage" computerName="JHONNY-PC" duration="00:00:11.2972472" startTime="2012-11-03T21:14:21.3283431+02:00" endTime="2012-11-03T21:14:32.6311792+02:00" testType="13cdc9d9-ddb5-4fa4-a97d-d965ccfc6d4b" outcome="Failed" testListId="8c84fa94-04c1-424b-9868-57a2d4851a1d" relativeResultsDirectory="179ad555-c1c0-46ab-9b7d-d4abaf15a7c6">
      <Output>
        <ErrorInfo>
          <Message>Assert.IsTrue failed. </Message>
          <StackTrace>   at PubNub_Messaging.Tests.WhenSubscribedToAChannel.ThenItShouldReturnReceivedMessage() in C:\Users\Jhonny\Documents\GitHub\pubnub-api\silverlight-part\PubNub-Messaging.Tests\WhenSubscribedToAChannel.cs:line 32
</StackTrace>
        </ErrorInfo>
      </Output>
    </UnitTestResult>
    <UnitTestResult executionId="4fb6809c-178f-46d0-a314-8b6f5616d414" testId="712cf751-9030-e58c-1aca-273874422d6b" testName="ThenItShouldReturnHistoryMessages" computerName="JHONNY-PC" duration="00:00:00.0236797" startTime="2012-11-03T21:14:32.6471801+02:00" endTime="2012-11-03T21:14:32.6771819+02:00" testType="13cdc9d9-ddb5-4fa4-a97d-d965ccfc6d4b" outcome="Passed" testListId="8c84fa94-04c1-424b-9868-57a2d4851a1d" relativeResultsDirectory="4fb6809c-178f-46d0-a314-8b6f5616d414">
    </UnitTestResult>
    <UnitTestResult executionId="c57412ed-8586-4461-91f5-c439cc965319" testId="ac38acda-fdcc-f388-700c-e33101194c29" testName="ThenItShouldReturnReceivedMessage" computerName="JHONNY-PC" duration="00:00:00.0003638" startTime="2012-11-03T21:14:32.6861824+02:00" endTime="2012-11-03T21:14:32.6891825+02:00" testType="13cdc9d9-ddb5-4fa4-a97d-d965ccfc6d4b" outcome="Passed" testListId="8c84fa94-04c1-424b-9868-57a2d4851a1d" relativeResultsDirectory="c57412ed-8586-4461-91f5-c439cc965319">
    </UnitTestResult>
    <UnitTestResult executionId="f51ba54c-3583-402b-95d0-3ca292d6d535" testId="0df82419-b215-0bb5-2789-e45794860234" testName="IfHereNowIsCalledThenItShouldReturnInfo" computerName="JHONNY-PC" duration="00:00:00.0002882" startTime="2012-11-03T21:14:32.6931828+02:00" endTime="2012-11-03T21:14:32.6961829+02:00" testType="13cdc9d9-ddb5-4fa4-a97d-d965ccfc6d4b" outcome="Passed" testListId="8c84fa94-04c1-424b-9868-57a2d4851a1d" relativeResultsDirectory="f51ba54c-3583-402b-95d0-3ca292d6d535">
    </UnitTestResult>
    <UnitTestResult executionId="8c6fa942-3b7c-4781-913b-8eb1aef808d4" testId="5a785fb0-6dd1-f697-4e8b-79b61e0b2e7a" testName="ThenItShouldReturnTimeStamp" computerName="JHONNY-PC" duration="00:00:00.0003517" startTime="2012-11-03T21:14:32.6961829+02:00" endTime="2012-11-03T21:14:32.7001832+02:00" testType="13cdc9d9-ddb5-4fa4-a97d-d965ccfc6d4b" outcome="Passed" testListId="8c84fa94-04c1-424b-9868-57a2d4851a1d" relativeResultsDirectory="8c6fa942-3b7c-4781-913b-8eb1aef808d4">
    </UnitTestResult>
  </Results>
</TestRun>