<?xml version="1.0" encoding="UTF-8"?>
<TestRun id="cf77b022-f89b-4f0c-bb10-8bfd864fbf30" name="Jhonny@JHONNY-PC 2012-11-01 22:18:10" runUser="Jhonny-PC\Jhonny" xmlns="http://microsoft.com/schemas/VisualStudio/TeamTest/2010">
  <TestSettings name="Default Test Settings" id="4ed3d639-6dd3-4c31-8539-693f9a3f6b03">
    <Deployment runDeploymentRoot="Jhonny_JHONNY-PC 2012-11-01 22_18_10">
      <DeploymentItem filename="C:\Users\Jhonny\Documents\GitHub\pubnub-api\silverlight-part\PubNub-Messaging\bin\Debug\PubNub-Messaging.exe" />
    </Deployment>
    <Execution>
      <TestTypeSpecific />
      <AgentRule name="Execution Agents">
      </AgentRule>
    </Execution>
  </TestSettings>
  <Times creation="2012-11-01T22:18:10.0406072+02:00" queuing="2012-11-01T22:18:12.7347613+02:00" start="2012-11-01T22:18:12.8757694+02:00" finish="2012-11-01T22:18:38.6342427+02:00" />
  <ResultSummary outcome="Failed">
    <Counters total="12" executed="12" passed="6" error="0" failed="6" timeout="0" aborted="0" inconclusive="0" passedButRunAborted="0" notRunnable="0" notExecuted="0" disconnected="0" warning="0" completed="0" inProgress="0" pending="0" />
  </ResultSummary>
  <TestDefinitions>
    <UnitTest name="ThenItShouldReturnTimeStamp" storage="c:\users\jhonny\documents\github\pubnub-api\silverlight-part\pubnub-messaging.tests\bin\debug\pubnub-messaging.tests.dll" id="5a785fb0-6dd1-f697-4e8b-79b61e0b2e7a">
      <Execution id="3bc6e7ed-9095-40e0-a72f-80f065d925f7" />
      <TestMethod codeBase="C:/Users/Jhonny/Documents/GitHub/pubnub-api/silverlight-part/PubNub-Messaging.Tests/bin/Debug/PubNub-Messaging.Tests.DLL" adapterTypeName="Microsoft.VisualStudio.TestTools.TestTypes.Unit.UnitTestAdapter, Microsoft.VisualStudio.QualityTools.Tips.UnitTest.Adapter, Version=10.0.0.0, Culture=neutral, PublicKeyToken=b03f5f7f11d50a3a" className="PubNub_Messaging.Tests.WhenGetRequestServerTime, PubNub-Messaging.Tests, Version=1.0.0.0, Culture=neutral, PublicKeyToken=null" name="ThenItShouldReturnTimeStamp" />
    </UnitTest>
    <UnitTest name="ThenItShouldReturnReceivedMessage" storage="c:\users\jhonny\documents\github\pubnub-api\silverlight-part\pubnub-messaging.tests\bin\debug\pubnub-messaging.tests.dll" id="aa5ae936-4b91-7628-df52-dad043c5d2d0">
      <Execution id="b83beb24-9f4a-4b27-b8a8-239e0f77ddb8" />
      <TestMethod codeBase="C:/Users/Jhonny/Documents/GitHub/pubnub-api/silverlight-part/PubNub-Messaging.Tests/bin/Debug/PubNub-Messaging.Tests.DLL" adapterTypeName="Microsoft.VisualStudio.TestTools.TestTypes.Unit.UnitTestAdapter, Microsoft.VisualStudio.QualityTools.Tips.UnitTest.Adapter, Version=10.0.0.0, Culture=neutral, PublicKeyToken=b03f5f7f11d50a3a" className="PubNub_Messaging.Tests.WhenSubscribedToAChannel, PubNub-Messaging.Tests, Version=1.0.0.0, Culture=neutral, PublicKeyToken=null" name="ThenItShouldReturnReceivedMessage" />
    </UnitTest>
    <UnitTest name="ThenItShouldGenerateUniqueIdentifier" storage="c:\users\jhonny\documents\github\pubnub-api\silverlight-part\pubnub-messaging.tests\bin\debug\pubnub-messaging.tests.dll" id="e4e4f833-f4c3-6397-cbd3-ac945ae9faf5">
      <Execution id="74cba73c-9734-4ae1-9fe1-5a60a98d6b90" />
      <TestMethod codeBase="C:/Users/Jhonny/Documents/GitHub/pubnub-api/silverlight-part/PubNub-Messaging.Tests/bin/Debug/PubNub-Messaging.Tests.DLL" adapterTypeName="Microsoft.VisualStudio.TestTools.TestTypes.Unit.UnitTestAdapter, Microsoft.VisualStudio.QualityTools.Tips.UnitTest.Adapter, Version=10.0.0.0, Culture=neutral, PublicKeyToken=b03f5f7f11d50a3a" className="PubNub_Messaging.Tests.WhenAMessageIsPublished, PubNub-Messaging.Tests, Version=1.0.0.0, Culture=neutral, PublicKeyToken=null" name="ThenItShouldGenerateUniqueIdentifier" />
    </UnitTest>
    <UnitTest name="IfHereNowIsCalledThenItShouldReturnInfo" storage="c:\users\jhonny\documents\github\pubnub-api\silverlight-part\pubnub-messaging.tests\bin\debug\pubnub-messaging.tests.dll" id="0df82419-b215-0bb5-2789-e45794860234">
      <Execution id="2501a952-a982-4d2b-b6bc-4a39562d2863" />
      <TestMethod codeBase="C:/Users/Jhonny/Documents/GitHub/pubnub-api/silverlight-part/PubNub-Messaging.Tests/bin/Debug/PubNub-Messaging.Tests.DLL" adapterTypeName="Microsoft.VisualStudio.TestTools.TestTypes.Unit.UnitTestAdapter, Microsoft.VisualStudio.QualityTools.Tips.UnitTest.Adapter, Version=10.0.0.0, Culture=neutral, PublicKeyToken=b03f5f7f11d50a3a" className="PubNub_Messaging.Tests.WhenAClientIsPresented, PubNub-Messaging.Tests, Version=1.0.0.0, Culture=neutral, PublicKeyToken=null" name="IfHereNowIsCalledThenItShouldReturnInfo" />
    </UnitTest>
    <UnitTest name="ThenItShouldReturnHistoryMessages" storage="c:\users\jhonny\documents\github\pubnub-api\silverlight-part\pubnub-messaging.tests\bin\debug\pubnub-messaging.tests.dll" id="712cf751-9030-e58c-1aca-273874422d6b">
      <Execution id="fd8e5fbc-0318-4eb9-be0d-f70e94828fbc" />
      <TestMethod codeBase="C:/Users/Jhonny/Documents/GitHub/pubnub-api/silverlight-part/PubNub-Messaging.Tests/bin/Debug/PubNub-Messaging.Tests.DLL" adapterTypeName="Microsoft.VisualStudio.TestTools.TestTypes.Unit.UnitTestAdapter, Microsoft.VisualStudio.QualityTools.Tips.UnitTest.Adapter, Version=10.0.0.0, Culture=neutral, PublicKeyToken=b03f5f7f11d50a3a" className="PubNub_Messaging.Tests.WhenGetRequestHistoryMessages, PubNub-Messaging.Tests, Version=1.0.0.0, Culture=neutral, PublicKeyToken=null" name="ThenItShouldReturnHistoryMessages" />
    </UnitTest>
    <UnitTest name="ThenSecretKeyShouldBeProvidedOptionally" storage="c:\users\jhonny\documents\github\pubnub-api\silverlight-part\pubnub-messaging.tests\bin\debug\pubnub-messaging.tests.dll" id="f5c7c269-651b-f04d-a925-f9349b8cba4e">
      <Execution id="b17edc46-2e9a-4095-af69-ad0cf71eac8e" />
      <TestMethod codeBase="C:/Users/Jhonny/Documents/GitHub/pubnub-api/silverlight-part/PubNub-Messaging.Tests/bin/Debug/PubNub-Messaging.Tests.DLL" adapterTypeName="Microsoft.VisualStudio.TestTools.TestTypes.Unit.UnitTestAdapter, Microsoft.VisualStudio.QualityTools.Tips.UnitTest.Adapter, Version=10.0.0.0, Culture=neutral, PublicKeyToken=b03f5f7f11d50a3a" className="PubNub_Messaging.Tests.WhenAMessageIsPublished, PubNub-Messaging.Tests, Version=1.0.0.0, Culture=neutral, PublicKeyToken=null" name="ThenSecretKeyShouldBeProvidedOptionally" />
    </UnitTest>
    <UnitTest name="ThenPublishKeyShouldNotBeEmptyAfterOverriden" storage="c:\users\jhonny\documents\github\pubnub-api\silverlight-part\pubnub-messaging.tests\bin\debug\pubnub-messaging.tests.dll" id="7fa098a0-febe-975a-9bfc-4927161355d1">
      <Execution id="20e760c3-cfb1-4e32-a6e7-5930d839c960" />
      <TestMethod codeBase="C:/Users/Jhonny/Documents/GitHub/pubnub-api/silverlight-part/PubNub-Messaging.Tests/bin/Debug/PubNub-Messaging.Tests.DLL" adapterTypeName="Microsoft.VisualStudio.TestTools.TestTypes.Unit.UnitTestAdapter, Microsoft.VisualStudio.QualityTools.Tips.UnitTest.Adapter, Version=10.0.0.0, Culture=neutral, PublicKeyToken=b03f5f7f11d50a3a" className="PubNub_Messaging.Tests.WhenAMessageIsPublished, PubNub-Messaging.Tests, Version=1.0.0.0, Culture=neutral, PublicKeyToken=null" name="ThenPublishKeyShouldNotBeEmptyAfterOverriden" />
    </UnitTest>
    <UnitTest name="ItShouldReturnDetailedHistory" storage="c:\users\jhonny\documents\github\pubnub-api\silverlight-part\pubnub-messaging.tests\bin\debug\pubnub-messaging.tests.dll" id="b66377bc-5933-58f6-5165-6957609092f9">
      <Execution id="2d822d3f-76b5-4cdb-8981-4d26e4a264c2" />
      <TestMethod codeBase="C:/Users/Jhonny/Documents/GitHub/pubnub-api/silverlight-part/PubNub-Messaging.Tests/bin/Debug/PubNub-Messaging.Tests.DLL" adapterTypeName="Microsoft.VisualStudio.TestTools.TestTypes.Unit.UnitTestAdapter, Microsoft.VisualStudio.QualityTools.Tips.UnitTest.Adapter, Version=10.0.0.0, Culture=neutral, PublicKeyToken=b03f5f7f11d50a3a" className="PubNub_Messaging.Tests.WhenDetailedHistoryIsRequested, PubNub-Messaging.Tests, Version=1.0.0.0, Culture=neutral, PublicKeyToken=null" name="ItShouldReturnDetailedHistory" />
    </UnitTest>
    <UnitTest name="ThenItShouldReturnSuccessCodeAndInfo" storage="c:\users\jhonny\documents\github\pubnub-api\silverlight-part\pubnub-messaging.tests\bin\debug\pubnub-messaging.tests.dll" id="c8d24aa2-b361-8cda-b55b-ec04dbcd06b0">
      <Execution id="1ef0818b-9d01-450d-a1b4-359c8c0e6721" />
      <TestMethod codeBase="C:/Users/Jhonny/Documents/GitHub/pubnub-api/silverlight-part/PubNub-Messaging.Tests/bin/Debug/PubNub-Messaging.Tests.DLL" adapterTypeName="Microsoft.VisualStudio.TestTools.TestTypes.Unit.UnitTestAdapter, Microsoft.VisualStudio.QualityTools.Tips.UnitTest.Adapter, Version=10.0.0.0, Culture=neutral, PublicKeyToken=b03f5f7f11d50a3a" className="PubNub_Messaging.Tests.WhenAMessageIsPublished, PubNub-Messaging.Tests, Version=1.0.0.0, Culture=neutral, PublicKeyToken=null" name="ThenItShouldReturnSuccessCodeAndInfo" />
    </UnitTest>
    <UnitTest name="ThenItShouldReturnReceivedMessage" storage="c:\users\jhonny\documents\github\pubnub-api\silverlight-part\pubnub-messaging.tests\bin\debug\pubnub-messaging.tests.dll" id="ac38acda-fdcc-f388-700c-e33101194c29">
      <Execution id="a9508429-2c45-4692-b5d5-9bbea644879b" />
      <TestMethod codeBase="C:/Users/Jhonny/Documents/GitHub/pubnub-api/silverlight-part/PubNub-Messaging.Tests/bin/Debug/PubNub-Messaging.Tests.DLL" adapterTypeName="Microsoft.VisualStudio.TestTools.TestTypes.Unit.UnitTestAdapter, Microsoft.VisualStudio.QualityTools.Tips.UnitTest.Adapter, Version=10.0.0.0, Culture=neutral, PublicKeyToken=b03f5f7f11d50a3a" className="PubNub_Messaging.Tests.WhenAClientIsPresented, PubNub-Messaging.Tests, Version=1.0.0.0, Culture=neutral, PublicKeyToken=null" name="ThenItShouldReturnReceivedMessage" />
    </UnitTest>
    <UnitTest name="IfSSLNotProvidedThenDefaultShouldBeFalse" storage="c:\users\jhonny\documents\github\pubnub-api\silverlight-part\pubnub-messaging.tests\bin\debug\pubnub-messaging.tests.dll" id="a44284f2-17ef-78bd-fdc6-88e675b08b01">
      <Execution id="f9bc6e16-cf21-4283-a5ca-d506b964dbcd" />
      <TestMethod codeBase="C:/Users/Jhonny/Documents/GitHub/pubnub-api/silverlight-part/PubNub-Messaging.Tests/bin/Debug/PubNub-Messaging.Tests.DLL" adapterTypeName="Microsoft.VisualStudio.TestTools.TestTypes.Unit.UnitTestAdapter, Microsoft.VisualStudio.QualityTools.Tips.UnitTest.Adapter, Version=10.0.0.0, Culture=neutral, PublicKeyToken=b03f5f7f11d50a3a" className="PubNub_Messaging.Tests.WhenAMessageIsPublished, PubNub-Messaging.Tests, Version=1.0.0.0, Culture=neutral, PublicKeyToken=null" name="IfSSLNotProvidedThenDefaultShouldBeFalse" />
    </UnitTest>
    <UnitTest name="ThenPublishKeyShouldBeOverriden" storage="c:\users\jhonny\documents\github\pubnub-api\silverlight-part\pubnub-messaging.tests\bin\debug\pubnub-messaging.tests.dll" id="9b37bd21-6d08-f4c1-82ba-70abc43d2f80">
      <Execution id="b2e35b0a-9fba-4e28-ab76-1ceddb817713" />
      <TestMethod codeBase="C:/Users/Jhonny/Documents/GitHub/pubnub-api/silverlight-part/PubNub-Messaging.Tests/bin/Debug/PubNub-Messaging.Tests.DLL" adapterTypeName="Microsoft.VisualStudio.TestTools.TestTypes.Unit.UnitTestAdapter, Microsoft.VisualStudio.QualityTools.Tips.UnitTest.Adapter, Version=10.0.0.0, Culture=neutral, PublicKeyToken=b03f5f7f11d50a3a" className="PubNub_Messaging.Tests.WhenAMessageIsPublished, PubNub-Messaging.Tests, Version=1.0.0.0, Culture=neutral, PublicKeyToken=null" name="ThenPublishKeyShouldBeOverriden" />
    </UnitTest>
  </TestDefinitions>
  <TestLists>
    <TestList name="Results Not in a List" id="8c84fa94-04c1-424b-9868-57a2d4851a1d" />
    <TestList name="All Loaded Results" id="19431567-8539-422a-85d7-44ee4e166bda" />
  </TestLists>
  <TestEntries>
    <TestEntry testId="b66377bc-5933-58f6-5165-6957609092f9" executionId="2d822d3f-76b5-4cdb-8981-4d26e4a264c2" testListId="8c84fa94-04c1-424b-9868-57a2d4851a1d" />
    <TestEntry testId="c8d24aa2-b361-8cda-b55b-ec04dbcd06b0" executionId="1ef0818b-9d01-450d-a1b4-359c8c0e6721" testListId="8c84fa94-04c1-424b-9868-57a2d4851a1d" />
    <TestEntry testId="e4e4f833-f4c3-6397-cbd3-ac945ae9faf5" executionId="74cba73c-9734-4ae1-9fe1-5a60a98d6b90" testListId="8c84fa94-04c1-424b-9868-57a2d4851a1d" />
    <TestEntry testId="9b37bd21-6d08-f4c1-82ba-70abc43d2f80" executionId="b2e35b0a-9fba-4e28-ab76-1ceddb817713" testListId="8c84fa94-04c1-424b-9868-57a2d4851a1d" />
    <TestEntry testId="7fa098a0-febe-975a-9bfc-4927161355d1" executionId="20e760c3-cfb1-4e32-a6e7-5930d839c960" testListId="8c84fa94-04c1-424b-9868-57a2d4851a1d" />
    <TestEntry testId="f5c7c269-651b-f04d-a925-f9349b8cba4e" executionId="b17edc46-2e9a-4095-af69-ad0cf71eac8e" testListId="8c84fa94-04c1-424b-9868-57a2d4851a1d" />
    <TestEntry testId="a44284f2-17ef-78bd-fdc6-88e675b08b01" executionId="f9bc6e16-cf21-4283-a5ca-d506b964dbcd" testListId="8c84fa94-04c1-424b-9868-57a2d4851a1d" />
    <TestEntry testId="aa5ae936-4b91-7628-df52-dad043c5d2d0" executionId="b83beb24-9f4a-4b27-b8a8-239e0f77ddb8" testListId="8c84fa94-04c1-424b-9868-57a2d4851a1d" />
    <TestEntry testId="712cf751-9030-e58c-1aca-273874422d6b" executionId="fd8e5fbc-0318-4eb9-be0d-f70e94828fbc" testListId="8c84fa94-04c1-424b-9868-57a2d4851a1d" />
    <TestEntry testId="ac38acda-fdcc-f388-700c-e33101194c29" executionId="a9508429-2c45-4692-b5d5-9bbea644879b" testListId="8c84fa94-04c1-424b-9868-57a2d4851a1d" />
    <TestEntry testId="0df82419-b215-0bb5-2789-e45794860234" executionId="2501a952-a982-4d2b-b6bc-4a39562d2863" testListId="8c84fa94-04c1-424b-9868-57a2d4851a1d" />
    <TestEntry testId="5a785fb0-6dd1-f697-4e8b-79b61e0b2e7a" executionId="3bc6e7ed-9095-40e0-a72f-80f065d925f7" testListId="8c84fa94-04c1-424b-9868-57a2d4851a1d" />
  </TestEntries>
  <Results>
    <UnitTestResult executionId="2d822d3f-76b5-4cdb-8981-4d26e4a264c2" testId="b66377bc-5933-58f6-5165-6957609092f9" testName="ItShouldReturnDetailedHistory" computerName="JHONNY-PC" duration="00:00:02.4463557" startTime="2012-11-01T22:18:12.9757751+02:00" endTime="2012-11-01T22:18:15.8839415+02:00" testType="13cdc9d9-ddb5-4fa4-a97d-d965ccfc6d4b" outcome="Passed" testListId="8c84fa94-04c1-424b-9868-57a2d4851a1d" relativeResultsDirectory="2d822d3f-76b5-4cdb-8981-4d26e4a264c2">
    </UnitTestResult>
    <UnitTestResult executionId="1ef0818b-9d01-450d-a1b4-359c8c0e6721" testId="c8d24aa2-b361-8cda-b55b-ec04dbcd06b0" testName="ThenItShouldReturnSuccessCodeAndInfo" computerName="JHONNY-PC" duration="00:00:02.6524237" startTime="2012-11-01T22:18:15.8859416+02:00" endTime="2012-11-01T22:18:18.5430936+02:00" testType="13cdc9d9-ddb5-4fa4-a97d-d965ccfc6d4b" outcome="Failed" testListId="8c84fa94-04c1-424b-9868-57a2d4851a1d" relativeResultsDirectory="1ef0818b-9d01-450d-a1b4-359c8c0e6721">
      <Output>
        <ErrorInfo>
          <Message>Assert.IsTrue failed. </Message>
          <StackTrace>   at PubNub_Messaging.Tests.WhenAMessageIsPublished.ThenItShouldReturnSuccessCodeAndInfo() in C:\Users\Jhonny\Documents\GitHub\pubnub-api\silverlight-part\PubNub-Messaging.Tests\WhenAMessageIsPublished.cs:line 34
</StackTrace>
        </ErrorInfo>
      </Output>
    </UnitTestResult>
    <UnitTestResult executionId="74cba73c-9734-4ae1-9fe1-5a60a98d6b90" testId="e4e4f833-f4c3-6397-cbd3-ac945ae9faf5" testName="ThenItShouldGenerateUniqueIdentifier" computerName="JHONNY-PC" duration="00:00:00.0012852" startTime="2012-11-01T22:18:18.5460937+02:00" endTime="2012-11-01T22:18:18.5590945+02:00" testType="13cdc9d9-ddb5-4fa4-a97d-d965ccfc6d4b" outcome="Passed" testListId="8c84fa94-04c1-424b-9868-57a2d4851a1d" relativeResultsDirectory="74cba73c-9734-4ae1-9fe1-5a60a98d6b90">
    </UnitTestResult>
    <UnitTestResult executionId="b2e35b0a-9fba-4e28-ab76-1ceddb817713" testId="9b37bd21-6d08-f4c1-82ba-70abc43d2f80" testName="ThenPublishKeyShouldBeOverriden" computerName="JHONNY-PC" duration="00:00:00.0234277" startTime="2012-11-01T22:18:18.5620946+02:00" endTime="2012-11-01T22:18:18.6010969+02:00" testType="13cdc9d9-ddb5-4fa4-a97d-d965ccfc6d4b" outcome="Failed" testListId="8c84fa94-04c1-424b-9868-57a2d4851a1d" relativeResultsDirectory="b2e35b0a-9fba-4e28-ab76-1ceddb817713">
      <Output>
        <ErrorInfo>
          <Message>Test method PubNub_Messaging.Tests.WhenAMessageIsPublished.ThenPublishKeyShouldBeOverriden threw exception: 
System.MissingFieldException: PUBLISH_KEY cannot be empty for publish</Message>
          <StackTrace>    at PubNub_Messaging.Pubnub.publish(String channel, Object message, Action`1 usercallback) in C:\Users\Jhonny\Documents\GitHub\pubnub-api\silverlight-part\PubNub-Messaging\Pubnub.cs:line 417
   at PubNub_Messaging.Tests.WhenAMessageIsPublished.ThenPublishKeyShouldBeOverriden() in C:\Users\Jhonny\Documents\GitHub\pubnub-api\silverlight-part\PubNub-Messaging.Tests\WhenAMessageIsPublished.cs:line 82
</StackTrace>
        </ErrorInfo>
      </Output>
    </UnitTestResult>
    <UnitTestResult executionId="20e760c3-cfb1-4e32-a6e7-5930d839c960" testId="7fa098a0-febe-975a-9bfc-4927161355d1" testName="ThenPublishKeyShouldNotBeEmptyAfterOverriden" computerName="JHONNY-PC" duration="00:00:00.0035939" startTime="2012-11-01T22:18:18.6020969+02:00" endTime="2012-11-01T22:18:18.6130976+02:00" testType="13cdc9d9-ddb5-4fa4-a97d-d965ccfc6d4b" outcome="Failed" testListId="8c84fa94-04c1-424b-9868-57a2d4851a1d" relativeResultsDirectory="20e760c3-cfb1-4e32-a6e7-5930d839c960">
      <Output>
        <ErrorInfo>
          <Message>Test method PubNub_Messaging.Tests.WhenAMessageIsPublished.ThenPublishKeyShouldNotBeEmptyAfterOverriden threw exception: 
System.MissingFieldException: PUBLISH_KEY cannot be empty for publish</Message>
          <StackTrace>    at PubNub_Messaging.Pubnub.publish(String channel, Object message, Action`1 usercallback) in C:\Users\Jhonny\Documents\GitHub\pubnub-api\silverlight-part\PubNub-Messaging\Pubnub.cs:line 417
   at PubNub_Messaging.Tests.WhenAMessageIsPublished.ThenPublishKeyShouldNotBeEmptyAfterOverriden() in C:\Users\Jhonny\Documents\GitHub\pubnub-api\silverlight-part\PubNub-Messaging.Tests\WhenAMessageIsPublished.cs:line 102
</StackTrace>
        </ErrorInfo>
      </Output>
    </UnitTestResult>
    <UnitTestResult executionId="b17edc46-2e9a-4095-af69-ad0cf71eac8e" testId="f5c7c269-651b-f04d-a925-f9349b8cba4e" testName="ThenSecretKeyShouldBeProvidedOptionally" computerName="JHONNY-PC" duration="00:00:05.9419242" startTime="2012-11-01T22:18:18.6140976+02:00" endTime="2012-11-01T22:18:24.5614378+02:00" testType="13cdc9d9-ddb5-4fa4-a97d-d965ccfc6d4b" outcome="Failed" testListId="8c84fa94-04c1-424b-9868-57a2d4851a1d" relativeResultsDirectory="b17edc46-2e9a-4095-af69-ad0cf71eac8e">
      <Output>
        <ErrorInfo>
          <Message>Assert.IsTrue failed. </Message>
          <StackTrace>   at PubNub_Messaging.Tests.WhenAMessageIsPublished.ThenSecretKeyShouldBeProvidedOptionally() in C:\Users\Jhonny\Documents\GitHub\pubnub-api\silverlight-part\PubNub-Messaging.Tests\WhenAMessageIsPublished.cs:line 127
</StackTrace>
        </ErrorInfo>
      </Output>
    </UnitTestResult>
    <UnitTestResult executionId="f9bc6e16-cf21-4283-a5ca-d506b964dbcd" testId="a44284f2-17ef-78bd-fdc6-88e675b08b01" testName="IfSSLNotProvidedThenDefaultShouldBeFalse" computerName="JHONNY-PC" duration="00:00:02.4708144" startTime="2012-11-01T22:18:24.5794388+02:00" endTime="2012-11-01T22:18:27.0595807+02:00" testType="13cdc9d9-ddb5-4fa4-a97d-d965ccfc6d4b" outcome="Failed" testListId="8c84fa94-04c1-424b-9868-57a2d4851a1d" relativeResultsDirectory="f9bc6e16-cf21-4283-a5ca-d506b964dbcd">
      <Output>
        <ErrorInfo>
          <Message>Assert.IsTrue failed. </Message>
          <StackTrace>   at PubNub_Messaging.Tests.WhenAMessageIsPublished.IfSSLNotProvidedThenDefaultShouldBeFalse() in C:\Users\Jhonny\Documents\GitHub\pubnub-api\silverlight-part\PubNub-Messaging.Tests\WhenAMessageIsPublished.cs:line 144
</StackTrace>
        </ErrorInfo>
      </Output>
    </UnitTestResult>
    <UnitTestResult executionId="b83beb24-9f4a-4b27-b8a8-239e0f77ddb8" testId="aa5ae936-4b91-7628-df52-dad043c5d2d0" testName="ThenItShouldReturnReceivedMessage" computerName="JHONNY-PC" duration="00:00:11.2903952" startTime="2012-11-01T22:18:27.0615808+02:00" endTime="2012-11-01T22:18:38.3632272+02:00" testType="13cdc9d9-ddb5-4fa4-a97d-d965ccfc6d4b" outcome="Failed" testListId="8c84fa94-04c1-424b-9868-57a2d4851a1d" relativeResultsDirectory="b83beb24-9f4a-4b27-b8a8-239e0f77ddb8">
      <Output>
        <ErrorInfo>
          <Message>Assert.IsTrue failed. </Message>
          <StackTrace>   at PubNub_Messaging.Tests.WhenSubscribedToAChannel.ThenItShouldReturnReceivedMessage() in C:\Users\Jhonny\Documents\GitHub\pubnub-api\silverlight-part\PubNub-Messaging.Tests\WhenSubscribedToAChannel.cs:line 32
</StackTrace>
        </ErrorInfo>
      </Output>
    </UnitTestResult>
    <UnitTestResult executionId="fd8e5fbc-0318-4eb9-be0d-f70e94828fbc" testId="712cf751-9030-e58c-1aca-273874422d6b" testName="ThenItShouldReturnHistoryMessages" computerName="JHONNY-PC" duration="00:00:00.0322726" startTime="2012-11-01T22:18:38.3652273+02:00" endTime="2012-11-01T22:18:38.4022294+02:00" testType="13cdc9d9-ddb5-4fa4-a97d-d965ccfc6d4b" outcome="Passed" testListId="8c84fa94-04c1-424b-9868-57a2d4851a1d" relativeResultsDirectory="fd8e5fbc-0318-4eb9-be0d-f70e94828fbc">
    </UnitTestResult>
    <UnitTestResult executionId="a9508429-2c45-4692-b5d5-9bbea644879b" testId="ac38acda-fdcc-f388-700c-e33101194c29" testName="ThenItShouldReturnReceivedMessage" computerName="JHONNY-PC" duration="00:00:00.0004501" startTime="2012-11-01T22:18:38.4042296+02:00" endTime="2012-11-01T22:18:38.4092298+02:00" testType="13cdc9d9-ddb5-4fa4-a97d-d965ccfc6d4b" outcome="Passed" testListId="8c84fa94-04c1-424b-9868-57a2d4851a1d" relativeResultsDirectory="a9508429-2c45-4692-b5d5-9bbea644879b">
    </UnitTestResult>
    <UnitTestResult executionId="2501a952-a982-4d2b-b6bc-4a39562d2863" testId="0df82419-b215-0bb5-2789-e45794860234" testName="IfHereNowIsCalledThenItShouldReturnInfo" computerName="JHONNY-PC" duration="00:00:00.0003316" startTime="2012-11-01T22:18:38.4782338+02:00" endTime="2012-11-01T22:18:38.4832341+02:00" testType="13cdc9d9-ddb5-4fa4-a97d-d965ccfc6d4b" outcome="Passed" testListId="8c84fa94-04c1-424b-9868-57a2d4851a1d" relativeResultsDirectory="2501a952-a982-4d2b-b6bc-4a39562d2863">
    </UnitTestResult>
    <UnitTestResult executionId="3bc6e7ed-9095-40e0-a72f-80f065d925f7" testId="5a785fb0-6dd1-f697-4e8b-79b61e0b2e7a" testName="ThenItShouldReturnTimeStamp" computerName="JHONNY-PC" duration="00:00:00.0003092" startTime="2012-11-01T22:18:38.4842341+02:00" endTime="2012-11-01T22:18:38.4872343+02:00" testType="13cdc9d9-ddb5-4fa4-a97d-d965ccfc6d4b" outcome="Passed" testListId="8c84fa94-04c1-424b-9868-57a2d4851a1d" relativeResultsDirectory="3bc6e7ed-9095-40e0-a72f-80f065d925f7">
    </UnitTestResult>
  </Results>
</TestRun>