<?xml version="1.0" encoding="UTF-8"?>
<TestRun id="c43c78df-2ba0-4430-9c46-2ca8d3bff5af" name="Jhonny@JHONNY-PC 2012-11-27 22:38:02" runUser="Jhonny-PC\Jhonny" xmlns="http://microsoft.com/schemas/VisualStudio/TeamTest/2010">
  <TestSettings name="Default Test Settings" id="34b6d7a2-ca05-4e26-956c-b009a5733423">
    <Deployment runDeploymentRoot="Jhonny_JHONNY-PC 2012-11-27 22_38_02">
      <DeploymentItem filename="C:\Users\Jhonny\Documents\GitHub\pubnub-api\silverlight-part\PubNub-Messaging\bin\Debug\Newtonsoft.Json.dll" />
      <DeploymentItem filename="C:\Users\Jhonny\Documents\GitHub\pubnub-api\silverlight-part\PubNub-Messaging\bin\Debug\PubNub-Messaging.exe" />
    </Deployment>
    <Execution>
      <TestTypeSpecific />
      <AgentRule name="Execution Agents">
      </AgentRule>
    </Execution>
  </TestSettings>
  <Times creation="2012-11-27T22:38:02.6069319+02:00" queuing="2012-11-27T22:38:02.8289446+02:00" start="2012-11-27T22:38:02.8579462+02:00" finish="2012-11-27T22:43:18.2979884+02:00" />
  <ResultSummary outcome="Failed">
    <Counters total="2" executed="2" error="0" failed="2" timeout="0" aborted="0" inconclusive="0" passedButRunAborted="0" notRunnable="0" notExecuted="0" disconnected="0" warning="0" passed="0" completed="0" inProgress="0" pending="0" />
  </ResultSummary>
  <TestDefinitions>
    <UnitTest name="IfHereNowIsCalledThenItShouldReturnInfo" storage="c:\users\jhonny\documents\github\pubnub-api\silverlight-part\pubnub-messaging.tests\bin\debug\pubnub-messaging.tests.dll" id="0df82419-b215-0bb5-2789-e45794860234">
      <Execution id="38646cff-3eb2-439c-be7f-f218f512530e" />
      <TestMethod codeBase="C:/Users/Jhonny/Documents/GitHub/pubnub-api/silverlight-part/PubNub-Messaging.Tests/bin/Debug/PubNub-Messaging.Tests.DLL" adapterTypeName="Microsoft.VisualStudio.TestTools.TestTypes.Unit.UnitTestAdapter, Microsoft.VisualStudio.QualityTools.Tips.UnitTest.Adapter, Version=10.0.0.0, Culture=neutral, PublicKeyToken=b03f5f7f11d50a3a" className="PubNub_Messaging.Tests.WhenAClientIsPresented, PubNub-Messaging.Tests, Version=1.0.0.0, Culture=neutral, PublicKeyToken=null" name="IfHereNowIsCalledThenItShouldReturnInfo" />
    </UnitTest>
    <UnitTest name="ThenPresenceShouldReturnReceivedMessage" storage="c:\users\jhonny\documents\github\pubnub-api\silverlight-part\pubnub-messaging.tests\bin\debug\pubnub-messaging.tests.dll" id="3f423bfb-57aa-ca8b-414b-5708c176c895">
      <Execution id="f5907004-cac0-4671-9caf-5a71a118c0fb" />
      <TestMethod codeBase="C:/Users/Jhonny/Documents/GitHub/pubnub-api/silverlight-part/PubNub-Messaging.Tests/bin/Debug/PubNub-Messaging.Tests.DLL" adapterTypeName="Microsoft.VisualStudio.TestTools.TestTypes.Unit.UnitTestAdapter, Microsoft.VisualStudio.QualityTools.Tips.UnitTest.Adapter, Version=10.0.0.0, Culture=neutral, PublicKeyToken=b03f5f7f11d50a3a" className="PubNub_Messaging.Tests.WhenAClientIsPresented, PubNub-Messaging.Tests, Version=1.0.0.0, Culture=neutral, PublicKeyToken=null" name="ThenPresenceShouldReturnReceivedMessage" />
    </UnitTest>
  </TestDefinitions>
  <TestLists>
    <TestList name="Results Not in a List" id="8c84fa94-04c1-424b-9868-57a2d4851a1d" />
    <TestList name="All Loaded Results" id="19431567-8539-422a-85d7-44ee4e166bda" />
  </TestLists>
  <TestEntries>
    <TestEntry testId="3f423bfb-57aa-ca8b-414b-5708c176c895" executionId="f5907004-cac0-4671-9caf-5a71a118c0fb" testListId="8c84fa94-04c1-424b-9868-57a2d4851a1d" />
    <TestEntry testId="0df82419-b215-0bb5-2789-e45794860234" executionId="38646cff-3eb2-439c-be7f-f218f512530e" testListId="8c84fa94-04c1-424b-9868-57a2d4851a1d" />
  </TestEntries>
  <Results>
    <UnitTestResult executionId="f5907004-cac0-4671-9caf-5a71a118c0fb" testId="3f423bfb-57aa-ca8b-414b-5708c176c895" testName="ThenPresenceShouldReturnReceivedMessage" computerName="JHONNY-PC" duration="00:05:12.3200746" startTime="2012-11-27T22:38:02.8639466+02:00" endTime="2012-11-27T22:43:15.4758270+02:00" testType="13cdc9d9-ddb5-4fa4-a97d-d965ccfc6d4b" outcome="Failed" testListId="8c84fa94-04c1-424b-9868-57a2d4851a1d" relativeResultsDirectory="f5907004-cac0-4671-9caf-5a71a118c0fb">
      <Output>
        <DebugTrace>DateTime 11/27/2012 10:38:03 PM, Initiated System Event - PowerModeChanged.
DateTime 11/27/2012 10:38:03 PM, requested presence for channel=my/channel-pnpres
DateTime 11/27/2012 10:38:03 PM, Request=http://pizza.pubnub.com/subscribe/demo/my%2Fchannel-pnpres/0/0?uuid=2c98c794-2ec8-46bc-b2e5-71bd4a073cf5
DateTime: 11/27/2012 10:38:03 PM, **OnPubnubHeartBeatTimeoutCallback**
DateTime 11/27/2012 10:38:03 PM checkInternetStatus LocalIP: 192.168.1.6
DateTime: 11/27/2012 10:38:03 PM, OnPubnubHeartBeatTimeoutCallback - Internet connection = True
DateTime 11/27/2012 10:38:03 PM, requested subscribe for channel=my/channel
DateTime 11/27/2012 10:38:03 PM, Request=http://pizza.pubnub.com/subscribe/demo/my%2Fchannel/0/0?uuid=2c98c794-2ec8-46bc-b2e5-71bd4a073cf5
DateTime: 11/27/2012 10:38:03 PM, **OnPubnubHeartBeatTimeoutCallback**
DateTime: 11/27/2012 10:38:03 PM, OnPubnubHeartBeatTimeoutCallback - Internet connection = True
DateTime 11/27/2012 10:38:03 PM checkInternetStatus LocalIP: 192.168.1.6
DateTime 11/27/2012 10:38:03 PM, JSON for channel=my/channel (Subscribe) =[[],"13540469729276226"]
DateTime 11/27/2012 10:38:03 PM, JSON for channel=my/channel-pnpres (Presence) =[[],"13540486840205123"]
DateTime 11/27/2012 10:38:03 PM, Request=http://pizza.pubnub.com/subscribe/demo/my%2Fchannel-pnpres/0/13540486840205123?uuid=2c98c794-2ec8-46bc-b2e5-71bd4a073cf5
DateTime: 11/27/2012 10:38:03 PM, **OnPubnubHeartBeatTimeoutCallback**
DateTime: 11/27/2012 10:38:03 PM, OnPubnubHeartBeatTimeoutCallback - Internet connection = True
DateTime 11/27/2012 10:38:03 PM, Request=http://pizza.pubnub.com/subscribe/demo/my%2Fchannel/0/13540469729276226?uuid=2c98c794-2ec8-46bc-b2e5-71bd4a073cf5
DateTime: 11/27/2012 10:38:03 PM, **OnPubnubHeartBeatTimeoutCallback**
DateTime: 11/27/2012 10:38:03 PM, OnPubnubHeartBeatTimeoutCallback - Internet connection = True
DateTime 11/27/2012 10:38:03 PM checkInternetStatus LocalIP: 192.168.1.6
DateTime 11/27/2012 10:38:03 PM checkInternetStatus LocalIP: 192.168.1.6
DateTime 11/27/2012 10:38:05 PM, requested unsubscribe for channel=my/channel
DateTime 11/27/2012 10:38:05 PM, WebException: System.Net.WebException: The request was aborted: The request was canceled.
   at System.Net.HttpWebRequest.EndGetResponse(IAsyncResult asyncResult)
   at PubNub_Messaging.Pubnub.&lt;&gt;c__DisplayClass21`1.&lt;_urlRequest&gt;b__1a(IAsyncResult asynchronousResult) in C:\Users\Jhonny\Documents\GitHub\pubnub-api\silverlight-part\PubNub-Messaging\Pubnub.cs:line 1268 for URL: http://pizza.pubnub.com/subscribe/demo/my%2Fchannel/0/13540469729276226?uuid=2c98c794-2ec8-46bc-b2e5-71bd4a073cf5
DateTime 11/27/2012 10:38:05 PM, Due to Unsubscribe, further re-subscription was stopped for channel my/channel
DateTime 11/27/2012 10:38:05 PM, JSON unsubscribe response=[1, "Unsubscribed from my/channel"]
DateTime 11/27/2012 10:38:05 PM, Request=http://pizza.pubnub.com/v2/presence/sub_key/demo/channel/my%252Fchannel/leave?uuid=2c98c794-2ec8-46bc-b2e5-71bd4a073cf5
DateTime: 11/27/2012 10:38:05 PM, **OnPubnubHeartBeatTimeoutCallback**
DateTime 11/27/2012 10:38:05 PM checkInternetStatus LocalIP: 192.168.1.6
DateTime 11/27/2012 10:38:07 PM, WebException: System.Net.WebException: The remote server returned an error: (504) Gateway Timeout.
   at System.Net.HttpWebRequest.EndGetResponse(IAsyncResult asyncResult)
   at PubNub_Messaging.Pubnub.&lt;&gt;c__DisplayClass21`1.&lt;_urlRequest&gt;b__1a(IAsyncResult asynchronousResult) in C:\Users\Jhonny\Documents\GitHub\pubnub-api\silverlight-part\PubNub-Messaging\Pubnub.cs:line 1268 for URL: http://pizza.pubnub.com/v2/presence/sub_key/demo/channel/my%252Fchannel/leave?uuid=2c98c794-2ec8-46bc-b2e5-71bd4a073cf5
DateTime: 11/27/2012 10:38:18 PM, **OnPubnubHeartBeatTimeoutCallback**
DateTime: 11/27/2012 10:38:18 PM, OnPubnubHeartBeatTimeoutCallback - Internet connection = True
DateTime 11/27/2012 10:38:18 PM checkInternetStatus LocalIP: 192.168.1.6
DateTime: 11/27/2012 10:38:18 PM, **OnPubnubHeartBeatTimeoutCallback**
DateTime: 11/27/2012 10:38:18 PM, OnPubnubHeartBeatTimeoutCallback - Internet connection = True
DateTime 11/27/2012 10:38:18 PM checkInternetStatus LocalIP: 192.168.1.6
DateTime: 11/27/2012 10:38:18 PM, **OnPubnubHeartBeatTimeoutCallback**
DateTime: 11/27/2012 10:38:18 PM, OnPubnubHeartBeatTimeoutCallback - Internet connection = True
DateTime: 11/27/2012 10:38:18 PM, **OnPubnubHeartBeatTimeoutCallback**
DateTime: 11/27/2012 10:38:18 PM, OnPubnubHeartBeatTimeoutCallback - Internet connection = True
DateTime 11/27/2012 10:38:18 PM checkInternetStatus LocalIP: 192.168.1.6
DateTime 11/27/2012 10:38:18 PM checkInternetStatus LocalIP: 192.168.1.6
DateTime: 11/27/2012 10:38:20 PM, **OnPubnubHeartBeatTimeoutCallback**
DateTime 11/27/2012 10:38:20 PM checkInternetStatus LocalIP: 192.168.1.6
DateTime: 11/27/2012 10:38:33 PM, **OnPubnubHeartBeatTimeoutCallback**
DateTime: 11/27/2012 10:38:33 PM, OnPubnubHeartBeatTimeoutCallback - Internet connection = True
DateTime 11/27/2012 10:38:33 PM checkInternetStatus LocalIP: 192.168.1.6
DateTime: 11/27/2012 10:38:33 PM, **OnPubnubHeartBeatTimeoutCallback**
DateTime: 11/27/2012 10:38:33 PM, OnPubnubHeartBeatTimeoutCallback - Internet connection = True
DateTime: 11/27/2012 10:38:33 PM, **OnPubnubHeartBeatTimeoutCallback**
DateTime: 11/27/2012 10:38:33 PM, **OnPubnubHeartBeatTimeoutCallback**
DateTime: 11/27/2012 10:38:33 PM, OnPubnubHeartBeatTimeoutCallback - Internet connection = True
DateTime: 11/27/2012 10:38:33 PM, OnPubnubHeartBeatTimeoutCallback - Internet connection = True
DateTime 11/27/2012 10:38:33 PM checkInternetStatus LocalIP: 192.168.1.6
DateTime 11/27/2012 10:38:33 PM checkInternetStatus LocalIP: 192.168.1.6
DateTime 11/27/2012 10:38:33 PM checkInternetStatus LocalIP: 192.168.1.6
DateTime: 11/27/2012 10:38:35 PM, **OnPubnubHeartBeatTimeoutCallback**
DateTime 11/27/2012 10:38:35 PM checkInternetStatus LocalIP: 192.168.1.6
DateTime: 11/27/2012 10:38:48 PM, **OnPubnubHeartBeatTimeoutCallback**
DateTime: 11/27/2012 10:38:48 PM, OnPubnubHeartBeatTimeoutCallback - Internet connection = True
DateTime 11/27/2012 10:38:48 PM checkInternetStatus LocalIP: 192.168.1.6
DateTime: 11/27/2012 10:38:48 PM, **OnPubnubHeartBeatTimeoutCallback**
DateTime: 11/27/2012 10:38:48 PM, OnPubnubHeartBeatTimeoutCallback - Internet connection = True
DateTime 11/27/2012 10:38:48 PM checkInternetStatus LocalIP: 192.168.1.6
DateTime: 11/27/2012 10:38:48 PM, **OnPubnubHeartBeatTimeoutCallback**
DateTime: 11/27/2012 10:38:48 PM, **OnPubnubHeartBeatTimeoutCallback**
DateTime: 11/27/2012 10:38:48 PM, OnPubnubHeartBeatTimeoutCallback - Internet connection = True
DateTime: 11/27/2012 10:38:48 PM, OnPubnubHeartBeatTimeoutCallback - Internet connection = True
DateTime 11/27/2012 10:38:48 PM checkInternetStatus LocalIP: 192.168.1.6
DateTime 11/27/2012 10:38:48 PM checkInternetStatus LocalIP: 192.168.1.6
DateTime: 11/27/2012 10:38:50 PM, **OnPubnubHeartBeatTimeoutCallback**
DateTime 11/27/2012 10:38:50 PM checkInternetStatus LocalIP: 192.168.1.6
DateTime: 11/27/2012 10:39:03 PM, **OnPubnubHeartBeatTimeoutCallback**
DateTime: 11/27/2012 10:39:03 PM, OnPubnubHeartBeatTimeoutCallback - Internet connection = True
DateTime 11/27/2012 10:39:03 PM checkInternetStatus LocalIP: 192.168.1.6
DateTime: 11/27/2012 10:39:03 PM, **OnPubnubHeartBeatTimeoutCallback**
DateTime: 11/27/2012 10:39:03 PM, OnPubnubHeartBeatTimeoutCallback - Internet connection = True
DateTime 11/27/2012 10:39:03 PM checkInternetStatus LocalIP: 192.168.1.6
DateTime: 11/27/2012 10:39:03 PM, **OnPubnubHeartBeatTimeoutCallback**
DateTime: 11/27/2012 10:39:03 PM, OnPubnubHeartBeatTimeoutCallback - Internet connection = True
DateTime: 11/27/2012 10:39:03 PM, **OnPubnubHeartBeatTimeoutCallback**
DateTime: 11/27/2012 10:39:03 PM, OnPubnubHeartBeatTimeoutCallback - Internet connection = True
DateTime 11/27/2012 10:39:03 PM checkInternetStatus LocalIP: 192.168.1.6
DateTime 11/27/2012 10:39:03 PM checkInternetStatus LocalIP: 192.168.1.6
DateTime: 11/27/2012 10:39:05 PM, **OnPubnubHeartBeatTimeoutCallback**
DateTime 11/27/2012 10:39:05 PM checkInternetStatus LocalIP: 192.168.1.6
DateTime: 11/27/2012 10:39:18 PM, **OnPubnubHeartBeatTimeoutCallback**
DateTime: 11/27/2012 10:39:18 PM, OnPubnubHeartBeatTimeoutCallback - Internet connection = True
DateTime 11/27/2012 10:39:18 PM checkInternetStatus LocalIP: 192.168.1.6
DateTime: 11/27/2012 10:39:18 PM, **OnPubnubHeartBeatTimeoutCallback**
DateTime: 11/27/2012 10:39:18 PM, OnPubnubHeartBeatTimeoutCallback - Internet connection = True
DateTime 11/27/2012 10:39:18 PM checkInternetStatus LocalIP: 192.168.1.6
DateTime: 11/27/2012 10:39:18 PM, **OnPubnubHeartBeatTimeoutCallback**
DateTime: 11/27/2012 10:39:18 PM, OnPubnubHeartBeatTimeoutCallback - Internet connection = True
DateTime: 11/27/2012 10:39:18 PM, **OnPubnubHeartBeatTimeoutCallback**
DateTime: 11/27/2012 10:39:18 PM, OnPubnubHeartBeatTimeoutCallback - Internet connection = True
DateTime 11/27/2012 10:39:18 PM checkInternetStatus LocalIP: 192.168.1.6
DateTime 11/27/2012 10:39:18 PM checkInternetStatus LocalIP: 192.168.1.6
DateTime: 11/27/2012 10:39:20 PM, **OnPubnubHeartBeatTimeoutCallback**
DateTime 11/27/2012 10:39:20 PM checkInternetStatus LocalIP: 192.168.1.6
DateTime: 11/27/2012 10:39:33 PM, **OnPubnubHeartBeatTimeoutCallback**
DateTime: 11/27/2012 10:39:33 PM, OnPubnubHeartBeatTimeoutCallback - Internet connection = True
DateTime 11/27/2012 10:39:33 PM checkInternetStatus LocalIP: 192.168.1.6
DateTime: 11/27/2012 10:39:33 PM, **OnPubnubHeartBeatTimeoutCallback**
DateTime: 11/27/2012 10:39:33 PM, OnPubnubHeartBeatTimeoutCallback - Internet connection = True
DateTime 11/27/2012 10:39:33 PM checkInternetStatus LocalIP: 192.168.1.6
DateTime: 11/27/2012 10:39:33 PM, **OnPubnubHeartBeatTimeoutCallback**
DateTime: 11/27/2012 10:39:33 PM, OnPubnubHeartBeatTimeoutCallback - Internet connection = True
DateTime: 11/27/2012 10:39:33 PM, **OnPubnubHeartBeatTimeoutCallback**
DateTime: 11/27/2012 10:39:33 PM, OnPubnubHeartBeatTimeoutCallback - Internet connection = True
DateTime 11/27/2012 10:39:33 PM checkInternetStatus LocalIP: 192.168.1.6
DateTime 11/27/2012 10:39:33 PM checkInternetStatus LocalIP: 192.168.1.6
DateTime: 11/27/2012 10:39:35 PM, **OnPubnubHeartBeatTimeoutCallback**
DateTime 11/27/2012 10:39:35 PM checkInternetStatus LocalIP: 192.168.1.6
DateTime: 11/27/2012 10:39:48 PM, **OnPubnubHeartBeatTimeoutCallback**
DateTime: 11/27/2012 10:39:48 PM, OnPubnubHeartBeatTimeoutCallback - Internet connection = True
DateTime 11/27/2012 10:39:48 PM checkInternetStatus LocalIP: 192.168.1.6
DateTime: 11/27/2012 10:39:48 PM, **OnPubnubHeartBeatTimeoutCallback**
DateTime: 11/27/2012 10:39:48 PM, OnPubnubHeartBeatTimeoutCallback - Internet connection = True
DateTime 11/27/2012 10:39:48 PM checkInternetStatus LocalIP: 192.168.1.6
DateTime: 11/27/2012 10:39:48 PM, **OnPubnubHeartBeatTimeoutCallback**
DateTime: 11/27/2012 10:39:48 PM, **OnPubnubHeartBeatTimeoutCallback**
DateTime: 11/27/2012 10:39:48 PM, OnPubnubHeartBeatTimeoutCallback - Internet connection = True
DateTime: 11/27/2012 10:39:48 PM, OnPubnubHeartBeatTimeoutCallback - Internet connection = True
DateTime 11/27/2012 10:39:48 PM checkInternetStatus LocalIP: 192.168.1.6
DateTime 11/27/2012 10:39:48 PM checkInternetStatus LocalIP: 192.168.1.6
DateTime: 11/27/2012 10:39:50 PM, **OnPubnubHeartBeatTimeoutCallback**
DateTime 11/27/2012 10:39:50 PM checkInternetStatus LocalIP: 192.168.1.6
DateTime: 11/27/2012 10:40:03 PM, **OnPubnubHeartBeatTimeoutCallback**
DateTime: 11/27/2012 10:40:03 PM, OnPubnubHeartBeatTimeoutCallback - Internet connection = True
DateTime 11/27/2012 10:40:03 PM checkInternetStatus LocalIP: 192.168.1.6
DateTime: 11/27/2012 10:40:03 PM, **OnPubnubHeartBeatTimeoutCallback**
DateTime: 11/27/2012 10:40:03 PM, OnPubnubHeartBeatTimeoutCallback - Internet connection = True
DateTime 11/27/2012 10:40:03 PM checkInternetStatus LocalIP: 192.168.1.6
DateTime: 11/27/2012 10:40:05 PM, **OnPubnubHeartBeatTimeoutCallback**
DateTime 11/27/2012 10:40:05 PM checkInternetStatus LocalIP: 192.168.1.6
DateTime: 11/27/2012 10:40:20 PM, **OnPubnubHeartBeatTimeoutCallback**
DateTime 11/27/2012 10:40:20 PM checkInternetStatus LocalIP: 192.168.1.6
DateTime: 11/27/2012 10:40:35 PM, **OnPubnubHeartBeatTimeoutCallback**
DateTime 11/27/2012 10:40:35 PM checkInternetStatus LocalIP: 192.168.1.6
DateTime: 11/27/2012 10:40:50 PM, **OnPubnubHeartBeatTimeoutCallback**
DateTime 11/27/2012 10:40:50 PM checkInternetStatus LocalIP: 192.168.1.6
DateTime: 11/27/2012 10:41:05 PM, **OnPubnubHeartBeatTimeoutCallback**
DateTime 11/27/2012 10:41:05 PM checkInternetStatus LocalIP: 192.168.1.6
DateTime: 11/27/2012 10:41:20 PM, **OnPubnubHeartBeatTimeoutCallback**
DateTime 11/27/2012 10:41:20 PM checkInternetStatus LocalIP: 192.168.1.6
DateTime: 11/27/2012 10:41:35 PM, **OnPubnubHeartBeatTimeoutCallback**
DateTime 11/27/2012 10:41:35 PM checkInternetStatus LocalIP: 192.168.1.6
DateTime: 11/27/2012 10:41:50 PM, **OnPubnubHeartBeatTimeoutCallback**
DateTime 11/27/2012 10:41:50 PM checkInternetStatus LocalIP: 192.168.1.6
DateTime: 11/27/2012 10:42:05 PM, **OnPubnubHeartBeatTimeoutCallback**
DateTime 11/27/2012 10:42:05 PM checkInternetStatus LocalIP: 192.168.1.6
DateTime: 11/27/2012 10:42:20 PM, **OnPubnubHeartBeatTimeoutCallback**
DateTime 11/27/2012 10:42:20 PM checkInternetStatus LocalIP: 192.168.1.6
DateTime: 11/27/2012 10:42:35 PM, **OnPubnubHeartBeatTimeoutCallback**
DateTime 11/27/2012 10:42:35 PM checkInternetStatus LocalIP: 192.168.1.6
DateTime: 11/27/2012 10:42:50 PM, **OnPubnubHeartBeatTimeoutCallback**
DateTime 11/27/2012 10:42:50 PM checkInternetStatus LocalIP: 192.168.1.6
DateTime 11/27/2012 10:42:50 PM, JSON for channel=my/channel-pnpres (Presence) =[[],"13540489710879780"]
DateTime 11/27/2012 10:42:50 PM, Request=http://pizza.pubnub.com/subscribe/demo/my%2Fchannel-pnpres/0/13540489710879780?uuid=2c98c794-2ec8-46bc-b2e5-71bd4a073cf5
DateTime: 11/27/2012 10:42:50 PM, **OnPubnubHeartBeatTimeoutCallback**
DateTime: 11/27/2012 10:42:50 PM, OnPubnubHeartBeatTimeoutCallback - Internet connection = True
DateTime 11/27/2012 10:42:50 PM checkInternetStatus LocalIP: 192.168.1.6
DateTime: 11/27/2012 10:43:05 PM, **OnPubnubHeartBeatTimeoutCallback**
DateTime: 11/27/2012 10:43:05 PM, OnPubnubHeartBeatTimeoutCallback - Internet connection = True
DateTime: 11/27/2012 10:43:05 PM, **OnPubnubHeartBeatTimeoutCallback**
DateTime 11/27/2012 10:43:05 PM checkInternetStatus LocalIP: 192.168.1.6
DateTime 11/27/2012 10:43:05 PM checkInternetStatus LocalIP: 192.168.1.6
</DebugTrace>
        <ErrorInfo>
          <Message>Assert.IsTrue failed. Presence message not received</Message>
          <StackTrace>   at PubNub_Messaging.Tests.WhenAClientIsPresented.ThenPresenceShouldReturnReceivedMessage() in C:\Users\Jhonny\Documents\GitHub\pubnub-api\silverlight-part\PubNub-Messaging.Tests\WhenAClientIsPresented.cs:line 46
</StackTrace>
        </ErrorInfo>
      </Output>
    </UnitTestResult>
    <UnitTestResult executionId="38646cff-3eb2-439c-be7f-f218f512530e" testId="0df82419-b215-0bb5-2789-e45794860234" testName="IfHereNowIsCalledThenItShouldReturnInfo" computerName="JHONNY-PC" duration="00:00:02.7371052" startTime="2012-11-27T22:43:15.4768270+02:00" endTime="2012-11-27T22:43:18.2199839+02:00" testType="13cdc9d9-ddb5-4fa4-a97d-d965ccfc6d4b" outcome="Failed" testListId="8c84fa94-04c1-424b-9868-57a2d4851a1d" relativeResultsDirectory="38646cff-3eb2-439c-be7f-f218f512530e">
      <Output>
        <DebugTrace>DateTime 11/27/2012 10:43:15 PM, Initiated System Event - PowerModeChanged.
DateTime 11/27/2012 10:43:15 PM, Request=http://pizza.pubnub.com/v2/presence/sub_key/demo/channel/my%252Fchannel
DateTime: 11/27/2012 10:43:15 PM, **OnPubnubHeartBeatTimeoutCallback**
DateTime 11/27/2012 10:43:15 PM checkInternetStatus LocalIP: 192.168.1.6
DateTime 11/27/2012 10:43:17 PM, WebException: System.Net.WebException: The remote server returned an error: (504) Gateway Timeout.
   at System.Net.HttpWebRequest.EndGetResponse(IAsyncResult asyncResult)
   at PubNub_Messaging.Pubnub.&lt;&gt;c__DisplayClass21`1.&lt;_urlRequest&gt;b__1a(IAsyncResult asynchronousResult) in C:\Users\Jhonny\Documents\GitHub\pubnub-api\silverlight-part\PubNub-Messaging\Pubnub.cs:line 1268 for URL: http://pizza.pubnub.com/v2/presence/sub_key/demo/channel/my%252Fchannel
DateTime 11/27/2012 10:43:17 PM, JSON here_now response=[0, "Network connnect error"]
</DebugTrace>
        <ErrorInfo>
          <Message>Assert.IsTrue failed. here_now message not received</Message>
          <StackTrace>   at PubNub_Messaging.Tests.WhenAClientIsPresented.IfHereNowIsCalledThenItShouldReturnInfo() in C:\Users\Jhonny\Documents\GitHub\pubnub-api\silverlight-part\PubNub-Messaging.Tests\WhenAClientIsPresented.cs:line 82
</StackTrace>
        </ErrorInfo>
      </Output>
    </UnitTestResult>
  </Results>
</TestRun>