<?xml version="1.0" encoding="UTF-8"?>
<TestRun id="bc2aa136-21f4-47ae-b349-b3858dccb549" name="Jhonny@JHONNY-PC 2012-11-04 18:10:33" runUser="Jhonny-PC\Jhonny" xmlns="http://microsoft.com/schemas/VisualStudio/TeamTest/2010">
  <TestSettings name="Default Test Settings" id="9d51247d-a98c-4d13-be8c-70e2900308fc">
    <Deployment userDeploymentRoot="C:\Users\Jhonny\Documents\GitHub\pubnub-api\silverlight-part\TestResults" useDefaultDeploymentRoot="false" runDeploymentRoot="Jhonny_JHONNY-PC 2012-11-04 18_10_33">
      <DeploymentItem filename="C:\Users\Jhonny\Documents\GitHub\pubnub-api\silverlight-part\PubNub-Messaging\bin\Debug\PubNub-Messaging.exe" />
    </Deployment>
    <Execution>
      <TestTypeSpecific />
      <AgentRule name="Execution Agents">
      </AgentRule>
    </Execution>
  </TestSettings>
  <Times creation="2012-11-04T18:10:33.0639138+02:00" queuing="2012-11-04T18:10:33.2649253+02:00" start="2012-11-04T18:10:33.3089278+02:00" finish="2012-11-04T18:10:45.0155974+02:00" />
  <ResultSummary outcome="Failed">
    <Counters total="1" executed="1" error="0" failed="1" timeout="0" aborted="0" inconclusive="0" passedButRunAborted="0" notRunnable="0" notExecuted="0" disconnected="0" warning="0" passed="0" completed="0" inProgress="0" pending="0" />
  </ResultSummary>
  <TestDefinitions>
    <UnitTest name="ThenItShouldReturnReceivedMessage" storage="c:\users\jhonny\documents\github\pubnub-api\silverlight-part\pubnub-messaging.tests\bin\debug\pubnub-messaging.tests.dll" id="aa5ae936-4b91-7628-df52-dad043c5d2d0">
      <Execution id="73b83747-df96-4a81-acbc-01bf7e28c35e" />
      <TestMethod codeBase="C:/Users/Jhonny/Documents/GitHub/pubnub-api/silverlight-part/PubNub-Messaging.Tests/bin/Debug/PubNub-Messaging.Tests.DLL" adapterTypeName="Microsoft.VisualStudio.TestTools.TestTypes.Unit.UnitTestAdapter, Microsoft.VisualStudio.QualityTools.Tips.UnitTest.Adapter, Version=10.0.0.0, Culture=neutral, PublicKeyToken=b03f5f7f11d50a3a" className="PubNub_Messaging.Tests.WhenSubscribedToAChannel, PubNub-Messaging.Tests, Version=1.0.0.0, Culture=neutral, PublicKeyToken=null" name="ThenItShouldReturnReceivedMessage" />
    </UnitTest>
  </TestDefinitions>
  <TestLists>
    <TestList name="Results Not in a List" id="8c84fa94-04c1-424b-9868-57a2d4851a1d" />
    <TestList name="All Loaded Results" id="19431567-8539-422a-85d7-44ee4e166bda" />
  </TestLists>
  <TestEntries>
    <TestEntry testId="aa5ae936-4b91-7628-df52-dad043c5d2d0" executionId="73b83747-df96-4a81-acbc-01bf7e28c35e" testListId="8c84fa94-04c1-424b-9868-57a2d4851a1d" />
  </TestEntries>
  <Results>
    <UnitTestResult executionId="73b83747-df96-4a81-acbc-01bf7e28c35e" testId="aa5ae936-4b91-7628-df52-dad043c5d2d0" testName="ThenItShouldReturnReceivedMessage" computerName="JHONNY-PC" duration="00:00:11.3585440" startTime="2012-11-04T18:10:33.3159282+02:00" endTime="2012-11-04T18:10:44.9715949+02:00" testType="13cdc9d9-ddb5-4fa4-a97d-d965ccfc6d4b" outcome="Failed" testListId="8c84fa94-04c1-424b-9868-57a2d4851a1d" relativeResultsDirectory="73b83747-df96-4a81-acbc-01bf7e28c35e">
      <Output>
        <ErrorInfo>
          <Message>Assert.IsTrue failed. </Message>
          <StackTrace>   at PubNub_Messaging.Tests.WhenSubscribedToAChannel.ThenItShouldReturnReceivedMessage() in C:\Users\Jhonny\Documents\GitHub\pubnub-api\silverlight-part\PubNub-Messaging.Tests\WhenSubscribedToAChannel.cs:line 32
</StackTrace>
        </ErrorInfo>
      </Output>
    </UnitTestResult>
  </Results>
</TestRun>