<?xml version="1.0" encoding="UTF-8"?>
<TestRun id="28510d56-9b42-4924-83be-be945806eb62" name="Jhonny@JHONNY-PC 2012-11-03 23:07:47" runUser="Jhonny-PC\Jhonny" xmlns="http://microsoft.com/schemas/VisualStudio/TeamTest/2010">
  <TestSettings name="Default Test Settings" id="bb60de52-1ccb-44b1-9acb-05adb0614125">
    <Deployment runDeploymentRoot="Jhonny_JHONNY-PC 2012-11-03 23_07_47">
      <DeploymentItem filename="C:\Users\Jhonny\Documents\GitHub\pubnub-api\silverlight-part\PubNub-Messaging\bin\Debug\PubNub-Messaging.exe" />
    </Deployment>
    <Execution>
      <TestTypeSpecific />
      <AgentRule name="Execution Agents">
      </AgentRule>
    </Execution>
  </TestSettings>
  <Times creation="2012-11-03T23:07:47.8247814+02:00" queuing="2012-11-03T23:07:49.7338906+02:00" start="2012-11-03T23:07:49.9069005+02:00" finish="2012-11-03T23:09:18.6187201+02:00" />
  <ResultSummary outcome="Error">
    <Counters total="12" executed="2" passed="1" error="0" failed="0" timeout="0" aborted="1" inconclusive="0" passedButRunAborted="0" notRunnable="0" notExecuted="10" disconnected="0" warning="0" completed="0" inProgress="0" pending="0" />
    <RunInfos>
      <RunInfo computerName="JHONNY-PC" outcome="Error" timestamp="2012-11-03T23:09:18.6167199+02:00">
        <Text>Test host process exited unexpectedly.</Text>
      </RunInfo>
    </RunInfos>
  </ResultSummary>
  <TestDefinitions>
    <UnitTest name="ThenItShouldReturnTimeStamp" storage="c:\users\jhonny\documents\github\pubnub-api\silverlight-part\pubnub-messaging.tests\bin\debug\pubnub-messaging.tests.dll" id="5a785fb0-6dd1-f697-4e8b-79b61e0b2e7a">
      <Execution id="fe1974f3-b23f-4390-9377-087402bd1e3a" />
      <TestMethod codeBase="C:/Users/Jhonny/Documents/GitHub/pubnub-api/silverlight-part/PubNub-Messaging.Tests/bin/Debug/PubNub-Messaging.Tests.DLL" adapterTypeName="Microsoft.VisualStudio.TestTools.TestTypes.Unit.UnitTestAdapter, Microsoft.VisualStudio.QualityTools.Tips.UnitTest.Adapter, Version=10.0.0.0, Culture=neutral, PublicKeyToken=b03f5f7f11d50a3a" className="PubNub_Messaging.Tests.WhenGetRequestServerTime, PubNub-Messaging.Tests, Version=1.0.0.0, Culture=neutral, PublicKeyToken=null" name="ThenItShouldReturnTimeStamp" />
    </UnitTest>
    <UnitTest name="ThenItShouldReturnReceivedMessage" storage="c:\users\jhonny\documents\github\pubnub-api\silverlight-part\pubnub-messaging.tests\bin\debug\pubnub-messaging.tests.dll" id="aa5ae936-4b91-7628-df52-dad043c5d2d0">
      <Execution id="8c2be827-97c3-4d8a-a69c-0a530ada255d" />
      <TestMethod codeBase="C:/Users/Jhonny/Documents/GitHub/pubnub-api/silverlight-part/PubNub-Messaging.Tests/bin/Debug/PubNub-Messaging.Tests.DLL" adapterTypeName="Microsoft.VisualStudio.TestTools.TestTypes.Unit.UnitTestAdapter, Microsoft.VisualStudio.QualityTools.Tips.UnitTest.Adapter, Version=10.0.0.0, Culture=neutral, PublicKeyToken=b03f5f7f11d50a3a" className="PubNub_Messaging.Tests.WhenSubscribedToAChannel, PubNub-Messaging.Tests, Version=1.0.0.0, Culture=neutral, PublicKeyToken=null" name="ThenItShouldReturnReceivedMessage" />
    </UnitTest>
    <UnitTest name="ThenItShouldGenerateUniqueIdentifier" storage="c:\users\jhonny\documents\github\pubnub-api\silverlight-part\pubnub-messaging.tests\bin\debug\pubnub-messaging.tests.dll" id="e4e4f833-f4c3-6397-cbd3-ac945ae9faf5">
      <Execution id="78275324-b3a1-4aec-9476-3832b0e8d2e8" />
      <TestMethod codeBase="C:/Users/Jhonny/Documents/GitHub/pubnub-api/silverlight-part/PubNub-Messaging.Tests/bin/Debug/PubNub-Messaging.Tests.DLL" adapterTypeName="Microsoft.VisualStudio.TestTools.TestTypes.Unit.UnitTestAdapter, Microsoft.VisualStudio.QualityTools.Tips.UnitTest.Adapter, Version=10.0.0.0, Culture=neutral, PublicKeyToken=b03f5f7f11d50a3a" className="PubNub_Messaging.Tests.WhenAMessageIsPublished, PubNub-Messaging.Tests, Version=1.0.0.0, Culture=neutral, PublicKeyToken=null" name="ThenItShouldGenerateUniqueIdentifier" />
    </UnitTest>
    <UnitTest name="IfHereNowIsCalledThenItShouldReturnInfo" storage="c:\users\jhonny\documents\github\pubnub-api\silverlight-part\pubnub-messaging.tests\bin\debug\pubnub-messaging.tests.dll" id="0df82419-b215-0bb5-2789-e45794860234">
      <Execution id="ccee8e22-1501-46ad-a510-e4418a69b459" />
      <TestMethod codeBase="C:/Users/Jhonny/Documents/GitHub/pubnub-api/silverlight-part/PubNub-Messaging.Tests/bin/Debug/PubNub-Messaging.Tests.DLL" adapterTypeName="Microsoft.VisualStudio.TestTools.TestTypes.Unit.UnitTestAdapter, Microsoft.VisualStudio.QualityTools.Tips.UnitTest.Adapter, Version=10.0.0.0, Culture=neutral, PublicKeyToken=b03f5f7f11d50a3a" className="PubNub_Messaging.Tests.WhenAClientIsPresented, PubNub-Messaging.Tests, Version=1.0.0.0, Culture=neutral, PublicKeyToken=null" name="IfHereNowIsCalledThenItShouldReturnInfo" />
    </UnitTest>
    <UnitTest name="ThenItShouldReturnHistoryMessages" storage="c:\users\jhonny\documents\github\pubnub-api\silverlight-part\pubnub-messaging.tests\bin\debug\pubnub-messaging.tests.dll" id="712cf751-9030-e58c-1aca-273874422d6b">
      <Execution id="8639e7f2-7d6d-4b90-8a4c-dfa5f70d683a" />
      <TestMethod codeBase="C:/Users/Jhonny/Documents/GitHub/pubnub-api/silverlight-part/PubNub-Messaging.Tests/bin/Debug/PubNub-Messaging.Tests.DLL" adapterTypeName="Microsoft.VisualStudio.TestTools.TestTypes.Unit.UnitTestAdapter, Microsoft.VisualStudio.QualityTools.Tips.UnitTest.Adapter, Version=10.0.0.0, Culture=neutral, PublicKeyToken=b03f5f7f11d50a3a" className="PubNub_Messaging.Tests.WhenGetRequestHistoryMessages, PubNub-Messaging.Tests, Version=1.0.0.0, Culture=neutral, PublicKeyToken=null" name="ThenItShouldReturnHistoryMessages" />
    </UnitTest>
    <UnitTest name="ThenSecretKeyShouldBeProvidedOptionally" storage="c:\users\jhonny\documents\github\pubnub-api\silverlight-part\pubnub-messaging.tests\bin\debug\pubnub-messaging.tests.dll" id="f5c7c269-651b-f04d-a925-f9349b8cba4e">
      <Execution id="c90acddf-c72e-401f-8b82-86b1018d3d43" />
      <TestMethod codeBase="C:/Users/Jhonny/Documents/GitHub/pubnub-api/silverlight-part/PubNub-Messaging.Tests/bin/Debug/PubNub-Messaging.Tests.DLL" adapterTypeName="Microsoft.VisualStudio.TestTools.TestTypes.Unit.UnitTestAdapter, Microsoft.VisualStudio.QualityTools.Tips.UnitTest.Adapter, Version=10.0.0.0, Culture=neutral, PublicKeyToken=b03f5f7f11d50a3a" className="PubNub_Messaging.Tests.WhenAMessageIsPublished, PubNub-Messaging.Tests, Version=1.0.0.0, Culture=neutral, PublicKeyToken=null" name="ThenSecretKeyShouldBeProvidedOptionally" />
    </UnitTest>
    <UnitTest name="ThenPublishKeyShouldNotBeEmptyAfterOverriden" storage="c:\users\jhonny\documents\github\pubnub-api\silverlight-part\pubnub-messaging.tests\bin\debug\pubnub-messaging.tests.dll" id="7fa098a0-febe-975a-9bfc-4927161355d1">
      <Execution id="4b16680c-f5c9-45df-b452-d3de667bcec4" />
      <TestMethod codeBase="C:/Users/Jhonny/Documents/GitHub/pubnub-api/silverlight-part/PubNub-Messaging.Tests/bin/Debug/PubNub-Messaging.Tests.DLL" adapterTypeName="Microsoft.VisualStudio.TestTools.TestTypes.Unit.UnitTestAdapter, Microsoft.VisualStudio.QualityTools.Tips.UnitTest.Adapter, Version=10.0.0.0, Culture=neutral, PublicKeyToken=b03f5f7f11d50a3a" className="PubNub_Messaging.Tests.WhenAMessageIsPublished, PubNub-Messaging.Tests, Version=1.0.0.0, Culture=neutral, PublicKeyToken=null" name="ThenPublishKeyShouldNotBeEmptyAfterOverriden" />
    </UnitTest>
    <UnitTest name="ItShouldReturnDetailedHistory" storage="c:\users\jhonny\documents\github\pubnub-api\silverlight-part\pubnub-messaging.tests\bin\debug\pubnub-messaging.tests.dll" id="b66377bc-5933-58f6-5165-6957609092f9">
      <Execution id="0bdacb24-7de4-4075-8a63-0944714d7320" />
      <TestMethod codeBase="C:/Users/Jhonny/Documents/GitHub/pubnub-api/silverlight-part/PubNub-Messaging.Tests/bin/Debug/PubNub-Messaging.Tests.DLL" adapterTypeName="Microsoft.VisualStudio.TestTools.TestTypes.Unit.UnitTestAdapter, Microsoft.VisualStudio.QualityTools.Tips.UnitTest.Adapter, Version=10.0.0.0, Culture=neutral, PublicKeyToken=b03f5f7f11d50a3a" className="PubNub_Messaging.Tests.WhenDetailedHistoryIsRequested, PubNub-Messaging.Tests, Version=1.0.0.0, Culture=neutral, PublicKeyToken=null" name="ItShouldReturnDetailedHistory" />
    </UnitTest>
    <UnitTest name="ThenItShouldReturnSuccessCodeAndInfo" storage="c:\users\jhonny\documents\github\pubnub-api\silverlight-part\pubnub-messaging.tests\bin\debug\pubnub-messaging.tests.dll" id="c8d24aa2-b361-8cda-b55b-ec04dbcd06b0">
      <Execution id="449af23f-bfb2-4a51-a1aa-066b6bcf9850" />
      <TestMethod codeBase="C:/Users/Jhonny/Documents/GitHub/pubnub-api/silverlight-part/PubNub-Messaging.Tests/bin/Debug/PubNub-Messaging.Tests.DLL" adapterTypeName="Microsoft.VisualStudio.TestTools.TestTypes.Unit.UnitTestAdapter, Microsoft.VisualStudio.QualityTools.Tips.UnitTest.Adapter, Version=10.0.0.0, Culture=neutral, PublicKeyToken=b03f5f7f11d50a3a" className="PubNub_Messaging.Tests.WhenAMessageIsPublished, PubNub-Messaging.Tests, Version=1.0.0.0, Culture=neutral, PublicKeyToken=null" name="ThenItShouldReturnSuccessCodeAndInfo" />
    </UnitTest>
    <UnitTest name="ThenItShouldReturnReceivedMessage" storage="c:\users\jhonny\documents\github\pubnub-api\silverlight-part\pubnub-messaging.tests\bin\debug\pubnub-messaging.tests.dll" id="ac38acda-fdcc-f388-700c-e33101194c29">
      <Execution id="9750666a-08c8-4af0-b909-3080c2feaa5f" />
      <TestMethod codeBase="C:/Users/Jhonny/Documents/GitHub/pubnub-api/silverlight-part/PubNub-Messaging.Tests/bin/Debug/PubNub-Messaging.Tests.DLL" adapterTypeName="Microsoft.VisualStudio.TestTools.TestTypes.Unit.UnitTestAdapter, Microsoft.VisualStudio.QualityTools.Tips.UnitTest.Adapter, Version=10.0.0.0, Culture=neutral, PublicKeyToken=b03f5f7f11d50a3a" className="PubNub_Messaging.Tests.WhenAClientIsPresented, PubNub-Messaging.Tests, Version=1.0.0.0, Culture=neutral, PublicKeyToken=null" name="ThenItShouldReturnReceivedMessage" />
    </UnitTest>
    <UnitTest name="IfSSLNotProvidedThenDefaultShouldBeFalse" storage="c:\users\jhonny\documents\github\pubnub-api\silverlight-part\pubnub-messaging.tests\bin\debug\pubnub-messaging.tests.dll" id="a44284f2-17ef-78bd-fdc6-88e675b08b01">
      <Execution id="11355c63-a445-44e4-87ba-0608e9b46d02" />
      <TestMethod codeBase="C:/Users/Jhonny/Documents/GitHub/pubnub-api/silverlight-part/PubNub-Messaging.Tests/bin/Debug/PubNub-Messaging.Tests.DLL" adapterTypeName="Microsoft.VisualStudio.TestTools.TestTypes.Unit.UnitTestAdapter, Microsoft.VisualStudio.QualityTools.Tips.UnitTest.Adapter, Version=10.0.0.0, Culture=neutral, PublicKeyToken=b03f5f7f11d50a3a" className="PubNub_Messaging.Tests.WhenAMessageIsPublished, PubNub-Messaging.Tests, Version=1.0.0.0, Culture=neutral, PublicKeyToken=null" name="IfSSLNotProvidedThenDefaultShouldBeFalse" />
    </UnitTest>
    <UnitTest name="ThenPublishKeyShouldBeOverriden" storage="c:\users\jhonny\documents\github\pubnub-api\silverlight-part\pubnub-messaging.tests\bin\debug\pubnub-messaging.tests.dll" id="9b37bd21-6d08-f4c1-82ba-70abc43d2f80">
      <Execution id="b14012c8-d851-4c16-87bd-5319be702cb9" />
      <TestMethod codeBase="C:/Users/Jhonny/Documents/GitHub/pubnub-api/silverlight-part/PubNub-Messaging.Tests/bin/Debug/PubNub-Messaging.Tests.DLL" adapterTypeName="Microsoft.VisualStudio.TestTools.TestTypes.Unit.UnitTestAdapter, Microsoft.VisualStudio.QualityTools.Tips.UnitTest.Adapter, Version=10.0.0.0, Culture=neutral, PublicKeyToken=b03f5f7f11d50a3a" className="PubNub_Messaging.Tests.WhenAMessageIsPublished, PubNub-Messaging.Tests, Version=1.0.0.0, Culture=neutral, PublicKeyToken=null" name="ThenPublishKeyShouldBeOverriden" />
    </UnitTest>
  </TestDefinitions>
  <TestLists>
    <TestList name="Results Not in a List" id="8c84fa94-04c1-424b-9868-57a2d4851a1d" />
    <TestList name="All Loaded Results" id="19431567-8539-422a-85d7-44ee4e166bda" />
  </TestLists>
  <TestEntries>
    <TestEntry testId="b66377bc-5933-58f6-5165-6957609092f9" executionId="0bdacb24-7de4-4075-8a63-0944714d7320" testListId="8c84fa94-04c1-424b-9868-57a2d4851a1d" />
    <TestEntry testId="c8d24aa2-b361-8cda-b55b-ec04dbcd06b0" executionId="449af23f-bfb2-4a51-a1aa-066b6bcf9850" testListId="8c84fa94-04c1-424b-9868-57a2d4851a1d" />
    <TestEntry testId="e4e4f833-f4c3-6397-cbd3-ac945ae9faf5" executionId="78275324-b3a1-4aec-9476-3832b0e8d2e8" testListId="8c84fa94-04c1-424b-9868-57a2d4851a1d" />
    <TestEntry testId="9b37bd21-6d08-f4c1-82ba-70abc43d2f80" executionId="b14012c8-d851-4c16-87bd-5319be702cb9" testListId="8c84fa94-04c1-424b-9868-57a2d4851a1d" />
    <TestEntry testId="7fa098a0-febe-975a-9bfc-4927161355d1" executionId="4b16680c-f5c9-45df-b452-d3de667bcec4" testListId="8c84fa94-04c1-424b-9868-57a2d4851a1d" />
    <TestEntry testId="f5c7c269-651b-f04d-a925-f9349b8cba4e" executionId="c90acddf-c72e-401f-8b82-86b1018d3d43" testListId="8c84fa94-04c1-424b-9868-57a2d4851a1d" />
    <TestEntry testId="a44284f2-17ef-78bd-fdc6-88e675b08b01" executionId="11355c63-a445-44e4-87ba-0608e9b46d02" testListId="8c84fa94-04c1-424b-9868-57a2d4851a1d" />
    <TestEntry testId="aa5ae936-4b91-7628-df52-dad043c5d2d0" executionId="8c2be827-97c3-4d8a-a69c-0a530ada255d" testListId="8c84fa94-04c1-424b-9868-57a2d4851a1d" />
    <TestEntry testId="712cf751-9030-e58c-1aca-273874422d6b" executionId="8639e7f2-7d6d-4b90-8a4c-dfa5f70d683a" testListId="8c84fa94-04c1-424b-9868-57a2d4851a1d" />
    <TestEntry testId="ac38acda-fdcc-f388-700c-e33101194c29" executionId="9750666a-08c8-4af0-b909-3080c2feaa5f" testListId="8c84fa94-04c1-424b-9868-57a2d4851a1d" />
    <TestEntry testId="0df82419-b215-0bb5-2789-e45794860234" executionId="ccee8e22-1501-46ad-a510-e4418a69b459" testListId="8c84fa94-04c1-424b-9868-57a2d4851a1d" />
    <TestEntry testId="5a785fb0-6dd1-f697-4e8b-79b61e0b2e7a" executionId="fe1974f3-b23f-4390-9377-087402bd1e3a" testListId="8c84fa94-04c1-424b-9868-57a2d4851a1d" />
  </TestEntries>
  <Results>
    <UnitTestResult executionId="0bdacb24-7de4-4075-8a63-0944714d7320" testId="b66377bc-5933-58f6-5165-6957609092f9" testName="ItShouldReturnDetailedHistory" computerName="JHONNY-PC" duration="00:00:03.6986135" startTime="2012-11-03T23:07:50.0459085+02:00" endTime="2012-11-03T23:07:55.0641955+02:00" testType="13cdc9d9-ddb5-4fa4-a97d-d965ccfc6d4b" outcome="Passed" testListId="8c84fa94-04c1-424b-9868-57a2d4851a1d" relativeResultsDirectory="0bdacb24-7de4-4075-8a63-0944714d7320">
    </UnitTestResult>
    <UnitTestResult executionId="449af23f-bfb2-4a51-a1aa-066b6bcf9850" testId="c8d24aa2-b361-8cda-b55b-ec04dbcd06b0" testName="ThenItShouldReturnSuccessCodeAndInfo" computerName="JHONNY-PC" duration="00:01:23.5405238" startTime="2012-11-03T23:07:55.0771962+02:00" endTime="2012-11-03T23:09:18.6177200+02:00" testType="13cdc9d9-ddb5-4fa4-a97d-d965ccfc6d4b" outcome="Aborted" testListId="8c84fa94-04c1-424b-9868-57a2d4851a1d" relativeResultsDirectory="449af23f-bfb2-4a51-a1aa-066b6bcf9850">
    </UnitTestResult>
    <UnitTestResult executionId="78275324-b3a1-4aec-9476-3832b0e8d2e8" testId="e4e4f833-f4c3-6397-cbd3-ac945ae9faf5" testName="ThenItShouldGenerateUniqueIdentifier" computerName="JHONNY-PC" testType="13cdc9d9-ddb5-4fa4-a97d-d965ccfc6d4b" outcome="NotExecuted" testListId="8c84fa94-04c1-424b-9868-57a2d4851a1d" relativeResultsDirectory="78275324-b3a1-4aec-9476-3832b0e8d2e8">
    </UnitTestResult>
    <UnitTestResult executionId="b14012c8-d851-4c16-87bd-5319be702cb9" testId="9b37bd21-6d08-f4c1-82ba-70abc43d2f80" testName="ThenPublishKeyShouldBeOverriden" computerName="JHONNY-PC" testType="13cdc9d9-ddb5-4fa4-a97d-d965ccfc6d4b" outcome="NotExecuted" testListId="8c84fa94-04c1-424b-9868-57a2d4851a1d" relativeResultsDirectory="b14012c8-d851-4c16-87bd-5319be702cb9">
    </UnitTestResult>
    <UnitTestResult executionId="4b16680c-f5c9-45df-b452-d3de667bcec4" testId="7fa098a0-febe-975a-9bfc-4927161355d1" testName="ThenPublishKeyShouldNotBeEmptyAfterOverriden" computerName="JHONNY-PC" testType="13cdc9d9-ddb5-4fa4-a97d-d965ccfc6d4b" outcome="NotExecuted" testListId="8c84fa94-04c1-424b-9868-57a2d4851a1d" relativeResultsDirectory="4b16680c-f5c9-45df-b452-d3de667bcec4">
    </UnitTestResult>
    <UnitTestResult executionId="c90acddf-c72e-401f-8b82-86b1018d3d43" testId="f5c7c269-651b-f04d-a925-f9349b8cba4e" testName="ThenSecretKeyShouldBeProvidedOptionally" computerName="JHONNY-PC" testType="13cdc9d9-ddb5-4fa4-a97d-d965ccfc6d4b" outcome="NotExecuted" testListId="8c84fa94-04c1-424b-9868-57a2d4851a1d" relativeResultsDirectory="c90acddf-c72e-401f-8b82-86b1018d3d43">
    </UnitTestResult>
    <UnitTestResult executionId="11355c63-a445-44e4-87ba-0608e9b46d02" testId="a44284f2-17ef-78bd-fdc6-88e675b08b01" testName="IfSSLNotProvidedThenDefaultShouldBeFalse" computerName="JHONNY-PC" testType="13cdc9d9-ddb5-4fa4-a97d-d965ccfc6d4b" outcome="NotExecuted" testListId="8c84fa94-04c1-424b-9868-57a2d4851a1d" relativeResultsDirectory="11355c63-a445-44e4-87ba-0608e9b46d02">
    </UnitTestResult>
    <UnitTestResult executionId="8c2be827-97c3-4d8a-a69c-0a530ada255d" testId="aa5ae936-4b91-7628-df52-dad043c5d2d0" testName="ThenItShouldReturnReceivedMessage" computerName="JHONNY-PC" testType="13cdc9d9-ddb5-4fa4-a97d-d965ccfc6d4b" outcome="NotExecuted" testListId="8c84fa94-04c1-424b-9868-57a2d4851a1d" relativeResultsDirectory="8c2be827-97c3-4d8a-a69c-0a530ada255d">
    </UnitTestResult>
    <UnitTestResult executionId="8639e7f2-7d6d-4b90-8a4c-dfa5f70d683a" testId="712cf751-9030-e58c-1aca-273874422d6b" testName="ThenItShouldReturnHistoryMessages" computerName="JHONNY-PC" testType="13cdc9d9-ddb5-4fa4-a97d-d965ccfc6d4b" outcome="NotExecuted" testListId="8c84fa94-04c1-424b-9868-57a2d4851a1d" relativeResultsDirectory="8639e7f2-7d6d-4b90-8a4c-dfa5f70d683a">
    </UnitTestResult>
    <UnitTestResult executionId="9750666a-08c8-4af0-b909-3080c2feaa5f" testId="ac38acda-fdcc-f388-700c-e33101194c29" testName="ThenItShouldReturnReceivedMessage" computerName="JHONNY-PC" testType="13cdc9d9-ddb5-4fa4-a97d-d965ccfc6d4b" outcome="NotExecuted" testListId="8c84fa94-04c1-424b-9868-57a2d4851a1d" relativeResultsDirectory="9750666a-08c8-4af0-b909-3080c2feaa5f">
    </UnitTestResult>
    <UnitTestResult executionId="ccee8e22-1501-46ad-a510-e4418a69b459" testId="0df82419-b215-0bb5-2789-e45794860234" testName="IfHereNowIsCalledThenItShouldReturnInfo" computerName="JHONNY-PC" testType="13cdc9d9-ddb5-4fa4-a97d-d965ccfc6d4b" outcome="NotExecuted" testListId="8c84fa94-04c1-424b-9868-57a2d4851a1d" relativeResultsDirectory="ccee8e22-1501-46ad-a510-e4418a69b459">
    </UnitTestResult>
    <UnitTestResult executionId="fe1974f3-b23f-4390-9377-087402bd1e3a" testId="5a785fb0-6dd1-f697-4e8b-79b61e0b2e7a" testName="ThenItShouldReturnTimeStamp" computerName="JHONNY-PC" testType="13cdc9d9-ddb5-4fa4-a97d-d965ccfc6d4b" outcome="NotExecuted" testListId="8c84fa94-04c1-424b-9868-57a2d4851a1d" relativeResultsDirectory="fe1974f3-b23f-4390-9377-087402bd1e3a">
    </UnitTestResult>
  </Results>
</TestRun>